Archive member included to satisfy reference by file (symbol)

C:\Users\sh970\e2_studio\workspace\RA6_microdds_test\microros_core\libmicroros.a(librcl-node.c.obj)
                              ./src/new_thread0_entry.o (rcl_get_zero_initialized_node)
C:\Users\sh970\e2_studio\workspace\RA6_microdds_test\microros_core\libmicroros.a(librcl-node_options.c.obj)
                              C:\Users\sh970\e2_studio\workspace\RA6_microdds_test\microros_core\libmicroros.a(librcl-node.c.obj) (rcl_node_get_default_options)
C:\Users\sh970\e2_studio\workspace\RA6_microdds_test\microros_core\libmicroros.a(librcl-publisher.c.obj)
                              ./src/new_thread0_entry.o (rcl_get_zero_initialized_publisher)
C:\Users\sh970\e2_studio\workspace\RA6_microdds_test\microros_core\libmicroros.a(librclc-init.c.obj)
                              ./src/new_thread0_entry.o (rclc_support_init)
C:\Users\sh970\e2_studio\workspace\RA6_microdds_test\microros_core\libmicroros.a(librclc-node.c.obj)
                              ./src/new_thread0_entry.o (rclc_node_init_default)
C:\Users\sh970\e2_studio\workspace\RA6_microdds_test\microros_core\libmicroros.a(librclc-publisher.c.obj)
                              ./src/new_thread0_entry.o (rclc_publisher_init_default)
C:\Users\sh970\e2_studio\workspace\RA6_microdds_test\microros_core\libmicroros.a(librcutils-allocator.c.obj)
                              ./src/new_thread0_entry.o (rcutils_get_zero_initialized_allocator)
C:\Users\sh970\e2_studio\workspace\RA6_microdds_test\microros_core\libmicroros.a(librcutils-env.c.obj)
                              C:\Users\sh970\e2_studio\workspace\RA6_microdds_test\microros_core\libmicroros.a(librcl-node.c.obj) (rcutils_get_env)
C:\Users\sh970\e2_studio\workspace\RA6_microdds_test\microros_core\libmicroros.a(librcutils-error_handling.c.obj)
                              C:\Users\sh970\e2_studio\workspace\RA6_microdds_test\microros_core\libmicroros.a(librclc-init.c.obj) (rcutils_reset_error)
C:\Users\sh970\e2_studio\workspace\RA6_microdds_test\microros_core\libmicroros.a(librcutils-format_string.c.obj)
                              C:\Users\sh970\e2_studio\workspace\RA6_microdds_test\microros_core\libmicroros.a(librcl-node.c.obj) (rcutils_format_string_limit)
C:\Users\sh970\e2_studio\workspace\RA6_microdds_test\microros_core\libmicroros.a(librcutils-repl_str.c.obj)
                              C:\Users\sh970\e2_studio\workspace\RA6_microdds_test\microros_core\libmicroros.a(librcl-node.c.obj) (rcutils_repl_str)
C:\Users\sh970\e2_studio\workspace\RA6_microdds_test\microros_core\libmicroros.a(librcutils-snprintf.c.obj)
                              C:\Users\sh970\e2_studio\workspace\RA6_microdds_test\microros_core\libmicroros.a(librcutils-format_string.c.obj) (rcutils_vsnprintf)
C:\Users\sh970\e2_studio\workspace\RA6_microdds_test\microros_core\libmicroros.a(librcutils-strdup.c.obj)
                              C:\Users\sh970\e2_studio\workspace\RA6_microdds_test\microros_core\libmicroros.a(librcl-node.c.obj) (rcutils_strdup)
C:\Users\sh970\e2_studio\workspace\RA6_microdds_test\microros_core\libmicroros.a(librmw-publisher_options.c.obj)
                              C:\Users\sh970\e2_studio\workspace\RA6_microdds_test\microros_core\libmicroros.a(librcl-publisher.c.obj) (rmw_get_default_publisher_options)
C:\Users\sh970\e2_studio\workspace\RA6_microdds_test\microros_core\libmicroros.a(librmw-validate_namespace.c.obj)
                              C:\Users\sh970\e2_studio\workspace\RA6_microdds_test\microros_core\libmicroros.a(librcl-node.c.obj) (rmw_validate_namespace)
C:\Users\sh970\e2_studio\workspace\RA6_microdds_test\microros_core\libmicroros.a(librmw-validate_node_name.c.obj)
                              C:\Users\sh970\e2_studio\workspace\RA6_microdds_test\microros_core\libmicroros.a(librcl-node.c.obj) (rmw_validate_node_name)
C:\Users\sh970\e2_studio\workspace\RA6_microdds_test\microros_core\libmicroros.a(librmw_microxrcedds-custom_transport.c.obj)
                              ./src/new_thread0_entry.o (rmw_uros_set_custom_transport)
C:\Users\sh970\e2_studio\workspace\RA6_microdds_test\microros_core\libmicroros.a(librmw_microxrcedds-ping.c.obj)
                              ./src/new_thread0_entry.o (rmw_uros_ping_agent)
C:\Users\sh970\e2_studio\workspace\RA6_microdds_test\microros_core\libmicroros.a(librmw_microxrcedds-rmw_node.c.obj)
                              C:\Users\sh970\e2_studio\workspace\RA6_microdds_test\microros_core\libmicroros.a(librcl-node.c.obj) (rmw_create_node)
C:\Users\sh970\e2_studio\workspace\RA6_microdds_test\microros_core\libmicroros.a(librmw_microxrcedds-rmw_publish.c.obj)
                              C:\Users\sh970\e2_studio\workspace\RA6_microdds_test\microros_core\libmicroros.a(librcl-publisher.c.obj) (rmw_publish)
C:\Users\sh970\e2_studio\workspace\RA6_microdds_test\microros_core\libmicroros.a(librmw_microxrcedds-rmw_publisher.c.obj)
[...]
Memory Configuration

Name             Origin             Length             Attributes
FLASH            0x00000000         0x00200000         xr
RAM              0x1ffe0000         0x000a0000         xrw
DATA_FLASH       0x40100000         0x00010000         xr
QSPI_FLASH       0x60000000         0x04000000         xr
OSPI_DEVICE_0    0x68000000         0x00000000         xr
OSPI_DEVICE_1    0x70000000         0x00000000         xr
OSPI_DEVICE_0_RAM 0x68000000         0x00000000         xrw
OSPI_DEVICE_1_RAM 0x70000000         0x00000000         xrw
SDRAM            0x90000000         0x08000000         xrw
OPTION_SETTING   0x00000000         0x00000000         r
OPTION_SETTING_S 0x00000000         0x00000000         r
ID_CODE          0x0100a150         0x00000010         xr
*default*        0x00000000         0xffffffff

Linker script and memory map

LOAD c:/renesas/ra/e2studio_v2021-10_fsp_v3.5.0/toolchains/gcc_arm/gcc-arm-none-eabi-10.3-2021.10/bin/../lib/gcc/arm-none-eabi/10.3.1/thumb/v7e-m+fp/hard/crti.o
LOAD c:/renesas/ra/e2studio_v2021-10_fsp_v3.5.0/toolchains/gcc_arm/gcc-arm-none-eabi-10.3-2021.10/bin/../lib/gcc/arm-none-eabi/10.3.1/thumb/v7e-m+fp/hard/crtbegin.o
LOAD c:/renesas/ra/e2studio_v2021-10_fsp_v3.5.0/toolchains/gcc_arm/gcc-arm-none-eabi-10.3-2021.10/bin/../lib/gcc/arm-none-eabi/10.3.1/../../../../arm-none-eabi/lib/thumb/v7e-m+fp/hard/rdimon-crt0.o
START GROUP
LOAD ./src/hal_entry.o
LOAD ./src/microros_allocators.o
LOAD ./src/microros_time.o
LOAD ./src/new_thread0_entry.o
LOAD ./src/udp_transport_freeRTOS.o
LOAD ./ra_gen/common_data.o
LOAD ./ra_gen/hal_data.o
LOAD ./ra_gen/main.o
LOAD ./ra_gen/new_thread0.o
LOAD ./ra_gen/pin_data.o
LOAD ./ra_gen/vector_data.o
LOAD ./ra/fsp/src/rm_freertos_port/port.o
LOAD ./ra/fsp/src/rm_freertos_plus_tcp/NetworkInterface.o
LOAD ./ra/fsp/src/r_sci_uart/r_sci_uart.o
LOAD ./ra/fsp/src/r_ptp/r_edmac/r_edmac.o
LOAD ./ra/fsp/src/r_ptp/r_ptp.o
LOAD ./ra/fsp/src/r_ioport/r_ioport.o
LOAD ./ra/fsp/src/r_ether_phy/targets/KSZ8091RNB/r_ether_phy_target_ksz8091rnb.o
LOAD ./ra/fsp/src/r_ether_phy/targets/KSZ8041/r_ether_phy_target_ksz8041.o
LOAD ./ra/fsp/src/r_ether_phy/targets/DP83620/r_ether_phy_target_dp83620.o
LOAD ./ra/fsp/src/r_ether_phy/r_ether_phy.o
LOAD ./ra/fsp/src/r_ether/r_ether.o
LOAD ./ra/fsp/src/r_agt/r_agt.o
LOAD ./ra/fsp/src/bsp/mcu/all/bsp_clocks.o
LOAD ./ra/fsp/src/bsp/mcu/all/bsp_common.o
LOAD ./ra/fsp/src/bsp/mcu/all/bsp_delay.o
LOAD ./ra/fsp/src/bsp/mcu/all/bsp_group_irq.o
LOAD ./ra/fsp/src/bsp/mcu/all/bsp_guard.o
LOAD ./ra/fsp/src/bsp/mcu/all/bsp_io.o
LOAD ./ra/fsp/src/bsp/mcu/all/bsp_irq.o
LOAD ./ra/fsp/src/bsp/mcu/all/bsp_register_protection.o
LOAD ./ra/fsp/src/bsp/mcu/all/bsp_rom_registers.o
LOAD ./ra/fsp/src/bsp/mcu/all/bsp_sbrk.o
LOAD ./ra/fsp/src/bsp/mcu/all/bsp_security.o
LOAD ./ra/fsp/src/bsp/cmsis/Device/RENESAS/Source/startup.o
LOAD ./ra/fsp/src/bsp/cmsis/Device/RENESAS/Source/system.o
LOAD ./ra/aws/amazon-freertos/libraries/freertos_plus/standard/freertos_plus_tcp/portable/BufferManagement/BufferAllocation_2.o
LOAD ./ra/aws/amazon-freertos/libraries/freertos_plus/standard/freertos_plus_tcp/FreeRTOS_ARP.o
LOAD ./ra/aws/amazon-freertos/libraries/freertos_plus/standard/freertos_plus_tcp/FreeRTOS_DHCP.o
LOAD ./ra/aws/amazon-freertos/libraries/freertos_plus/standard/freertos_plus_tcp/FreeRTOS_DNS.o
LOAD ./ra/aws/amazon-freertos/libraries/freertos_plus/standard/freertos_plus_tcp/FreeRTOS_IP.o
LOAD ./ra/aws/amazon-freertos/libraries/freertos_plus/standard/freertos_plus_tcp/FreeRTOS_Sockets.o
LOAD ./ra/aws/amazon-freertos/libraries/freertos_plus/standard/freertos_plus_tcp/FreeRTOS_Stream_Buffer.o
LOAD ./ra/aws/amazon-freertos/libraries/freertos_plus/standard/freertos_plus_tcp/FreeRTOS_TCP_IP.o
LOAD ./ra/aws/amazon-freertos/libraries/freertos_plus/standard/freertos_plus_tcp/FreeRTOS_TCP_WIN.o
LOAD ./ra/aws/amazon-freertos/libraries/freertos_plus/standard/freertos_plus_tcp/FreeRTOS_UDP_IP.o
LOAD ./ra/aws/amazon-freertos/freertos_kernel/portable/MemMang/heap_4.o
LOAD ./ra/aws/amazon-freertos/freertos_kernel/event_groups.o
LOAD ./ra/aws/amazon-freertos/freertos_kernel/list.o
LOAD ./ra/aws/amazon-freertos/freertos_kernel/queue.o
LOAD ./ra/aws/amazon-freertos/freertos_kernel/stream_buffer.o
LOAD ./ra/aws/amazon-freertos/freertos_kernel/tasks.o
LOAD ./ra/aws/amazon-freertos/freertos_kernel/timers.o
LOAD c:/renesas/ra/e2studio_v2021-10_fsp_v3.5.0/toolchains/gcc_arm/gcc-arm-none-eabi-10.3-2021.10/bin/../lib/gcc/arm-none-eabi/10.3.1/../../../../arm-none-eabi/lib/thumb/v7e-m+fp/hard\libm.a
LOAD C:\Users\sh970\e2_studio\workspace\RA6_microdds_test\microros_core\libmicroros.a
END GROUP
START GROUP
LOAD c:/renesas/ra/e2studio_v2021-10_fsp_v3.5.0/toolchains/gcc_arm/gcc-arm-none-eabi-10.3-2021.10/bin/../lib/gcc/arm-none-eabi/10.3.1/thumb/v7e-m+fp/hard\libgcc.a
LOAD c:/renesas/ra/e2studio_v2021-10_fsp_v3.5.0/toolchains/gcc_arm/gcc-arm-none-eabi-10.3-2021.10/bin/../lib/gcc/arm-none-eabi/10.3.1/../../../../arm-none-eabi/lib/thumb/v7e-m+fp/hard\libg_nano.a
LOAD c:/renesas/ra/e2studio_v2021-10_fsp_v3.5.0/toolchains/gcc_arm/gcc-arm-none-eabi-10.3-2021.10/bin/../lib/gcc/arm-none-eabi/10.3.1/../../../../arm-none-eabi/lib/thumb/v7e-m+fp/hard\libc_nano.a
END GROUP
START GROUP
LOAD c:/renesas/ra/e2studio_v2021-10_fsp_v3.5.0/toolchains/gcc_arm/gcc-arm-none-eabi-10.3-2021.10/bin/../lib/gcc/arm-none-eabi/10.3.1/thumb/v7e-m+fp/hard\libgcc.a
LOAD c:/renesas/ra/e2studio_v2021-10_fsp_v3.5.0/toolchains/gcc_arm/gcc-arm-none-eabi-10.3-2021.10/bin/../lib/gcc/arm-none-eabi/10.3.1/../../../../arm-none-eabi/lib/thumb/v7e-m+fp/hard\libc_nano.a
LOAD c:/renesas/ra/e2studio_v2021-10_fsp_v3.5.0/toolchains/gcc_arm/gcc-arm-none-eabi-10.3-2021.10/bin/../lib/gcc/arm-none-eabi/10.3.1/../../../../arm-none-eabi/lib/thumb/v7e-m+fp/hard\librdimon_nano.a
END GROUP
START GROUP
LOAD c:/renesas/ra/e2studio_v2021-10_fsp_v3.5.0/toolchains/gcc_arm/gcc-arm-none-eabi-10.3-2021.10/bin/../lib/gcc/arm-none-eabi/10.3.1/thumb/v7e-m+fp/hard\libgcc.a
LOAD c:/renesas/ra/e2studio_v2021-10_fsp_v3.5.0/toolchains/gcc_arm/gcc-arm-none-eabi-10.3-2021.10/bin/../lib/gcc/arm-none-eabi/10.3.1/../../../../arm-none-eabi/lib/thumb/v7e-m+fp/hard\libc_nano.a
LOAD c:/renesas/ra/e2studio_v2021-10_fsp_v3.5.0/toolchains/gcc_arm/gcc-arm-none-eabi-10.3-2021.10/bin/../lib/gcc/arm-none-eabi/10.3.1/../../../../arm-none-eabi/lib/thumb/v7e-m+fp/hard\librdimon_nano.a
END GROUP
LOAD c:/renesas/ra/e2studio_v2021-10_fsp_v3.5.0/toolchains/gcc_arm/gcc-arm-none-eabi-10.3-2021.10/bin/../lib/gcc/arm-none-eabi/10.3.1/thumb/v7e-m+fp/hard/crtend.o
LOAD c:/renesas/ra/e2studio_v2021-10_fsp_v3.5.0/toolchains/gcc_arm/gcc-arm-none-eabi-10.3-2021.10/bin/../lib/gcc/arm-none-eabi/10.3.1/thumb/v7e-m+fp/hard/crtn.o
                0x1ffe0000                RAM_START = 0x1ffe0000
                0x000a0000                RAM_LENGTH = 0xa0000
                0x00000000                FLASH_START = 0x0
                0x00200000                FLASH_LENGTH = 0x200000
                0x40100000                DATA_FLASH_START = 0x40100000
                0x00010000                DATA_FLASH_LENGTH = 0x10000
                0x00000000                OPTION_SETTING_START = 0x0
                0x00000000                OPTION_SETTING_LENGTH = 0x0
                0x00000000                OPTION_SETTING_S_START = 0x0
                0x00000000                OPTION_SETTING_S_LENGTH = 0x0
                0x0100a150                ID_CODE_START = 0x100a150
                0x00000010                ID_CODE_LENGTH = 0x10
                0x90000000                SDRAM_START = 0x90000000
                0x08000000                SDRAM_LENGTH = 0x8000000
                0x60000000                QSPI_FLASH_START = 0x60000000
                0x04000000                QSPI_FLASH_LENGTH = 0x4000000
                0x68000000                OSPI_DEVICE_0_START = 0x68000000
                0x00000000                OSPI_DEVICE_0_LENGTH = 0x0
                0x70000000                OSPI_DEVICE_1_START = 0x70000000
                0x00000000                OSPI_DEVICE_1_LENGTH = 0x0
                0x00003ca0                RAM_NS_BUFFER_LENGTH = 0x3ca0
                0x04000000                QSPI_FLASH_PRV_LENGTH = DEFINED (QSPI_FLASH_SIZE)?ABSOLUTE (QSPI_FLASH_SIZE):ABSOLUTE (QSPI_FLASH_LENGTH)
                0x00000000                OSPI_DEVICE_0_PRV_LENGTH = DEFINED (OSPI_DEVICE_0_SIZE)?ABSOLUTE (OSPI_DEVICE_0_SIZE):ABSOLUTE (OSPI_DEVICE_0_LENGTH)
                0x00000000                OSPI_DEVICE_1_PRV_LENGTH = DEFINED (OSPI_DEVICE_1_SIZE)?ABSOLUTE (OSPI_DEVICE_1_SIZE):ABSOLUTE (OSPI_DEVICE_1_LENGTH)
                0x00000000                __RESERVE_NS_RAM = ((! (DEFINED (PROJECT_NONSECURE)) && DEFINED (RAM_NS_BUFFER_LENGTH)) && (OPTION_SETTING_S_LENGTH != 0x0))
                0x00004000                RAM_NS_BUFFER_BLOCK_LENGTH = DEFINED (RAM_NS_BUFFER_LENGTH)?ALIGN (RAM_NS_BUFFER_LENGTH, 0x2000):0x0
                0x00003ca0                RAM_NS_BUFFER_LENGTH = DEFINED (RAM_NS_BUFFER_LENGTH)?RAM_NS_BUFFER_LENGTH:0x0
                0x2007c360                RAM_NS_BUFFER_START = ((RAM_START + RAM_LENGTH) - RAM_NS_BUFFER_LENGTH)
                0x2007c000                RAM_NS_BUFFER_BLOCK_START = ((RAM_START + RAM_LENGTH) - RAM_NS_BUFFER_BLOCK_LENGTH)
                0x0100a180                OPTION_SETTING_START_NS = 0x100a180
                0x00000001                __bl_FSP_BOOTABLE_IMAGE = 0x1
                0x00000001                __bln_FSP_BOOTABLE_IMAGE = 0x1
                0x00000000                PROJECT_SECURE_OR_FLAT = ((! (DEFINED (PROJECT_NONSECURE)) && OPTION_SETTING_LENGTH) && ! (DEFINED (FSP_BOOTABLE_IMAGE)))
                0x00000000                USE_OPTION_SETTING_NS = (DEFINED (PROJECT_NONSECURE) && ! (DEFINED (FSP_BOOTABLE_IMAGE)))
                0x00000000                __bl_FLASH_IMAGE_START = ! (DEFINED (FLASH_BOOTLOADER_LENGTH))?0x0:(FLASH_APPLICATION_IMAGE_NUMBER == 0x1)?(FLASH_BOOTLOADER_LENGTH + FLASH_BOOTLOADER_HEADER_LENGTH):(((FLASH_BOOTLOADER_LENGTH + FLASH_BOOTLOADER_SCRATCH_LENGTH) + FLASH_APPLICATION_S_LENGTH) + FLASH_BOOTLOADER_HEADER_LENGTH)
                0x00000000                __bl_FLASH_IMAGE_LENGTH = ! (DEFINED (FLASH_BOOTLOADER_LENGTH))?0x0:(FLASH_APPLICATION_S_LENGTH - FLASH_BOOTLOADER_HEADER_LENGTH)
                0x00000000                __bl_FLASH_IMAGE_END = (__bl_FLASH_IMAGE_START + __bl_FLASH_IMAGE_LENGTH)
                0x00000000                __bl_FLASH_NS_START = ! (DEFINED (FLASH_BOOTLOADER_LENGTH))?0x0:(FLASH_APPLICATION_NS_LENGTH == 0x0)?__bl_FLASH_IMAGE_END:((__bl_FLASH_IMAGE_START - FLASH_BOOTLOADER_HEADER_LENGTH) + FLASH_APPLICATION_S_LENGTH)
                0x00000000                __bl_FLASH_NSC_START = ! (DEFINED (FLASH_BOOTLOADER_LENGTH))?0x0:(FLASH_APPLICATION_NS_LENGTH == 0x0)?__bl_FLASH_IMAGE_END:(__bl_FLASH_NS_START - FLASH_APPLICATION_NSC_LENGTH)
                0x00000000                __bl_RAM_NS_START = ! (DEFINED (FLASH_BOOTLOADER_LENGTH))?0x0:(FLASH_APPLICATION_NS_LENGTH == 0x0)?(RAM_START + RAM_LENGTH):((RAM_START + RAM_LENGTH) - RAM_APPLICATION_NS_LENGTH)
                0x00000000                __bl_RAM_NSC_START = ! (DEFINED (FLASH_BOOTLOADER_LENGTH))?0x0:(FLASH_APPLICATION_NS_LENGTH == 0x0)?(RAM_START + RAM_LENGTH):(__bl_RAM_NS_START - RAM_APPLICATION_NSC_LENGTH)
                0x00000000                __bl_FLASH_NS_IMAGE_START = ! (DEFINED (FLASH_BOOTLOADER_LENGTH))?0x0:(FLASH_APPLICATION_NS_LENGTH == 0x0)?__bl_FLASH_IMAGE_END:(__bl_FLASH_NS_START + FLASH_BOOTLOADER_HEADER_LENGTH_2)
                0x00000000                __bln_FLASH_IMAGE_START = __bl_FLASH_NS_IMAGE_START
                0x00000000                __bln_FLASH_IMAGE_LENGTH = ! (DEFINED (FLASH_BOOTLOADER_LENGTH))?0x0:(FLASH_APPLICATION_NS_LENGTH == 0x0)?__bl_FLASH_IMAGE_END:(FLASH_APPLICATION_NS_LENGTH - FLASH_BOOTLOADER_HEADER_LENGTH_2)
                0x00000000                FLASH_ORIGIN = DEFINED (FLASH_IMAGE_START)?FLASH_IMAGE_START:FLASH_START
                0x00200000                LIMITED_FLASH_LENGTH = DEFINED (FLASH_IMAGE_LENGTH)?FLASH_IMAGE_LENGTH:DEFINED (FLASH_BOOTLOADER_LENGTH)?FLASH_BOOTLOADER_LENGTH:FLASH_LENGTH
START GROUP
LOAD c:/renesas/ra/e2studio_v2021-10_fsp_v3.5.0/toolchains/gcc_arm/gcc-arm-none-eabi-10.3-2021.10/bin/../lib/gcc/arm-none-eabi/10.3.1/thumb/v7e-m+fp/hard\libgcc.a
LOAD c:/renesas/ra/e2studio_v2021-10_fsp_v3.5.0/toolchains/gcc_arm/gcc-arm-none-eabi-10.3-2021.10/bin/../lib/gcc/arm-none-eabi/10.3.1/../../../../arm-none-eabi/lib/thumb/v7e-m+fp/hard\libc.a
LOAD c:/renesas/ra/e2studio_v2021-10_fsp_v3.5.0/toolchains/gcc_arm/gcc-arm-none-eabi-10.3-2021.10/bin/../lib/gcc/arm-none-eabi/10.3.1/../../../../arm-none-eabi/lib/thumb/v7e-m+fp/hard\libm.a
LOAD c:/renesas/ra/e2studio_v2021-10_fsp_v3.5.0/toolchains/gcc_arm/gcc-arm-none-eabi-10.3-2021.10/bin/../lib/gcc/arm-none-eabi/10.3.1/../../../../arm-none-eabi/lib/thumb/v7e-m+fp/hard\libnosys.a
END GROUP

.text           0x00000000    0x18ce4
                0x00000000                __tz_FLASH_S = ABSOLUTE (FLASH_START)
                0x00000000                __ROM_Start = .
 *(.fixed_vectors*)
 .fixed_vectors
                0x00000000       0x40 ./ra/fsp/src/bsp/cmsis/Device/RENESAS/Source/startup.o
                0x00000000                __Vectors
 *(.application_vectors*)
 .application_vectors
                0x00000040      0x180 ./ra_gen/vector_data.o
                0x00000040                g_vector_table
                0x000001c0                __Vectors_End = .
                0x00000400                . = (OPTION_SETTING_LENGTH > 0x0)?.:(__ROM_Start + 0x400)
 *fill*         0x000001c0      0x240 ff
 *(.rom_registers*)
 .rom_registers
                0x00000400       0x3c ./ra/fsp/src/bsp/mcu/all/bsp_rom_registers.o
                0x00000500                . = (OPTION_SETTING_LENGTH > 0x0)?.:(__ROM_Start + 0x500)
 *fill*         0x0000043c       0xc4 ff
                0x00000500                . = ALIGN (0x80)
 *(.mcuboot_sce9_key*)
 *(.text*)
 .text          0x00000500       0x40 c:/renesas/ra/e2studio_v2021-10_fsp_v3.5.0/toolchains/gcc_arm/gcc-arm-none-eabi-10.3-2021.10/bin/../lib/gcc/arm-none-eabi/10.3.1/thumb/v7e-m+fp/hard/crtbegin.o
 .text.R_BSP_WarmStart
                0x00000540       0x18 ./src/hal_entry.o
                0x00000540                R_BSP_WarmStart
 .text.pvPortRealloc
                0x00000558       0x50 ./src/microros_allocators.o
                0x00000558                pvPortRealloc
 .text.microros_allocate
                0x000005a8        0x4 ./src/microros_allocators.o
                0x000005a8                microros_allocate
 .text.microros_deallocate
                0x000005ac        0x8 ./src/microros_allocators.o
                0x000005ac                microros_deallocate
 .text.microros_reallocate
                0x000005b4        0xc ./src/microros_allocators.o
                0x000005b4                microros_reallocate
 .text.microros_zero_allocate
                0x000005c0        0x4 ./src/microros_allocators.o
                0x000005c0                microros_zero_allocate
 .text.micro_ros_timer_cb
                0x000005c4       0x18 ./src/microros_time.o
                0x000005c4                micro_ros_timer_cb
 *fill*         0x000005dc        0x4 ff
 .text.clock_gettime
                0x000005e0      0x108 ./src/microros_time.o
                0x000005e0                clock_gettime
 .text.error_loop
                0x000006e8       0x44 ./src/new_thread0_entry.o
 .text.vApplicationIPNetworkEventHook
                0x0000072c       0x10 ./src/new_thread0_entry.o
                0x0000072c                vApplicationIPNetworkEventHook
 .text.pvPortCalloc
                0x0000073c       0x1c ./src/new_thread0_entry.o
                0x0000073c                pvPortCalloc
 .text.user_uart_callback
                0x00000758       0x18 ./src/new_thread0_entry.o
                0x00000758                user_uart_callback
 .text.new_thread0_entry
                0x00000770      0x190 ./src/new_thread0_entry.o
                0x00000770                new_thread0_entry
 .text.renesas_e2_transport_open
                0x00000900       0x38 ./src/udp_transport_freeRTOS.o
                0x00000900                renesas_e2_transport_open
 .text.renesas_e2_transport_close
                0x00000938       0x1c ./src/udp_transport_freeRTOS.o
                0x00000938                renesas_e2_transport_close
 .text.renesas_e2_transport_write
                0x00000954       0x38 ./src/udp_transport_freeRTOS.o
                0x00000954                renesas_e2_transport_write
 .text.renesas_e2_transport_read
                0x0000098c       0x58 ./src/udp_transport_freeRTOS.o
                0x0000098c                renesas_e2_transport_read
 .text.g_common_init
                0x000009e4        0x4 ./ra_gen/common_data.o
                0x000009e4                g_common_init
 .text.g_hal_init
                0x000009e8        0x4 ./ra_gen/hal_data.o
                0x000009e8                g_hal_init
 .text.rtos_startup_err_callback_internal
                0x000009ec        0x4 ./ra_gen/main.o
                0x000009ec                rtos_startup_err_callback
                0x000009ec                rtos_startup_err_callback_internal
 .text.rtos_startup_common_init
                0x000009f0       0x68 ./ra_gen/main.o
                0x000009f0                rtos_startup_common_init
 .text.startup.main
                0x00000a58       0x44 ./ra_gen/main.o
                0x00000a58                main
 .text.vApplicationGetIdleTaskMemory
                0x00000a9c       0x1c ./ra_gen/main.o
                0x00000a9c                vApplicationGetIdleTaskMemory
 .text.vApplicationGetTimerTaskMemory
                0x00000ab8       0x1c ./ra_gen/main.o
                0x00000ab8                vApplicationGetTimerTaskMemory
 .text.new_thread0_func
                0x00000ad4       0x18 ./ra_gen/new_thread0.o
 .text.new_thread0_create
                0x00000aec       0x58 ./ra_gen/new_thread0.o
                0x00000aec                new_thread0_create
 .text.prvTaskExitError
                0x00000b44        0x4 ./ra/fsp/src/rm_freertos_port/port.o
 .text.SVC_Handler
                0x00000b48       0x18 ./ra/fsp/src/rm_freertos_port/port.o
                0x00000b48                SVC_Handler
 .text.PendSV_Handler
                0x00000b60       0x3c ./ra/fsp/src/rm_freertos_port/port.o
                0x00000b60                PendSV_Handler
 .text.rm_freertos_port_restore_task_stackless
                0x00000b9c       0x20 ./ra/fsp/src/rm_freertos_port/port.o
                0x00000b9c                rm_freertos_port_restore_task_stackless
 .text.SysTick_Handler
                0x00000bbc       0x24 ./ra/fsp/src/rm_freertos_port/port.o
                0x00000bbc                SysTick_Handler
 .text.vPortSVCHandler_C
                0x00000be0       0x34 ./ra/fsp/src/rm_freertos_port/port.o
                0x00000be0                vPortSVCHandler_C
 .text.pxPortInitialiseStack
                0x00000c14       0x28 ./ra/fsp/src/rm_freertos_port/port.o
                0x00000c14                pxPortInitialiseStack
 .text.vPortEnterCritical
                0x00000c3c       0x50 ./ra/fsp/src/rm_freertos_port/port.o
                0x00000c3c                vPortEnterCritical
 .text.vPortExitCritical
                0x00000c8c       0x3c ./ra/fsp/src/rm_freertos_port/port.o
                0x00000c8c                vPortExitCritical
 .text.rm_freertos_port_sleep_preserving_lpm
                0x00000cc8       0x64 ./ra/fsp/src/rm_freertos_port/port.o
                0x00000cc8                rm_freertos_port_sleep_preserving_lpm
 .text.vApplicationIdleHook
                0x00000d2c       0x18 ./ra/fsp/src/rm_freertos_port/port.o
                0x00000d2c                vApplicationIdleHook
 .text.vPortSetupTimerInterrupt
                0x00000d44       0x3c ./ra/fsp/src/rm_freertos_port/port.o
                0x00000d44                vPortSetupTimerInterrupt
 .text.xPortStartScheduler
                0x00000d80       0xbc ./ra/fsp/src/rm_freertos_port/port.o
                0x00000d80                xPortStartScheduler
 .text.vPortValidateInterruptPriority
                0x00000e3c       0x70 ./ra/fsp/src/rm_freertos_port/port.o
                0x00000e3c                vPortValidateInterruptPriority
 .text.prvCheckLinkStatusTask
                0x00000eac       0x1c ./ra/fsp/src/rm_freertos_plus_tcp/NetworkInterface.o
 .text.prvRXHandlerTask
                0x00000ec8       0x70 ./ra/fsp/src/rm_freertos_plus_tcp/NetworkInterface.o
 .text.xNetworkInterfaceInitialise
                0x00000f38       0x78 ./ra/fsp/src/rm_freertos_plus_tcp/NetworkInterface.o
                0x00000f38                xNetworkInterfaceInitialise
 .text.xNetworkInterfaceOutput
                0x00000fb0       0x3c ./ra/fsp/src/rm_freertos_plus_tcp/NetworkInterface.o
                0x00000fb0                xNetworkInterfaceOutput
 .text.vEtherISRCallback
                0x00000fec       0x44 ./ra/fsp/src/rm_freertos_plus_tcp/NetworkInterface.o
                0x00000fec                vEtherISRCallback
 .text.xApplicationGetRandomNumber
                0x00001030       0x1c ./ra/fsp/src/rm_freertos_plus_tcp/NetworkInterface.o
                0x00001030                xApplicationGetRandomNumber
 .text.ulApplicationGetNextSequenceNumber
                0x0000104c       0x1c ./ra/fsp/src/rm_freertos_plus_tcp/NetworkInterface.o
                0x0000104c                ulApplicationGetNextSequenceNumber
 .text.R_SCI_UART_Write
                0x00001068       0x48 ./ra/fsp/src/r_sci_uart/r_sci_uart.o
                0x00001068                R_SCI_UART_Write
 .text.r_sci_uart_call_callback
                0x000010b0       0x44 ./ra/fsp/src/r_sci_uart/r_sci_uart.o
 .text.R_SCI_UART_Open
                0x000010f4      0x334 ./ra/fsp/src/r_sci_uart/r_sci_uart.o
                0x000010f4                R_SCI_UART_Open
 .text.sci_uart_txi_isr
                0x00001428       0x88 ./ra/fsp/src/r_sci_uart/r_sci_uart.o
                0x00001428                sci_uart_txi_isr
 .text.sci_uart_rxi_isr
                0x000014b0       0x8c ./ra/fsp/src/r_sci_uart/r_sci_uart.o
                0x000014b0                sci_uart_rxi_isr
 .text.sci_uart_tei_isr
                0x0000153c       0x3c ./ra/fsp/src/r_sci_uart/r_sci_uart.o
                0x0000153c                sci_uart_tei_isr
 .text.sci_uart_eri_isr
                0x00001578       0x70 ./ra/fsp/src/r_sci_uart/r_sci_uart.o
                0x00001578                sci_uart_eri_isr
 .text.edmac_eint_isr
                0x000015e8       0x44 ./ra/fsp/src/r_ptp/r_edmac/r_edmac.o
                0x000015e8                edmac_eint_isr
 .text.r_ptp_mint_isr
                0x0000162c      0x1d0 ./ra/fsp/src/r_ptp/r_ptp.o
                0x0000162c                r_ptp_mint_isr
 .text.r_ptp_ipls_isr
                0x000017fc       0x4c ./ra/fsp/src/r_ptp/r_ptp.o
                0x000017fc                r_ptp_ipls_isr
 .text.R_IOPORT_Close
                0x00001848        0x8 ./ra/fsp/src/r_ioport/r_ioport.o
                0x00001848                R_IOPORT_Close
 .text.R_IOPORT_PinRead
                0x00001850       0x1c ./ra/fsp/src/r_ioport/r_ioport.o
                0x00001850                R_IOPORT_PinRead
 .text.R_IOPORT_PortRead
                0x0000186c       0x14 ./ra/fsp/src/r_ioport/r_ioport.o
                0x0000186c                R_IOPORT_PortRead
 .text.R_IOPORT_PortWrite
                0x00001880       0x1c ./ra/fsp/src/r_ioport/r_ioport.o
                0x00001880                R_IOPORT_PortWrite
 .text.R_IOPORT_PinWrite
                0x0000189c       0x20 ./ra/fsp/src/r_ioport/r_ioport.o
                0x0000189c                R_IOPORT_PinWrite
 .text.R_IOPORT_PortDirectionSet
                0x000018bc       0x28 ./ra/fsp/src/r_ioport/r_ioport.o
                0x000018bc                R_IOPORT_PortDirectionSet
 .text.R_IOPORT_PortEventInputRead
                0x000018e4       0x18 ./ra/fsp/src/r_ioport/r_ioport.o
                0x000018e4                R_IOPORT_PortEventInputRead
 .text.R_IOPORT_PinEventInputRead
                0x000018fc       0x30 ./ra/fsp/src/r_ioport/r_ioport.o
                0x000018fc                R_IOPORT_PinEventInputRead
 .text.R_IOPORT_PortEventOutputWrite
                0x0000192c       0x1c ./ra/fsp/src/r_ioport/r_ioport.o
                0x0000192c                R_IOPORT_PortEventOutputWrite
 .text.R_IOPORT_EthernetModeCfg
                0x00001948        0xc ./ra/fsp/src/r_ioport/r_ioport.o
                0x00001948                R_IOPORT_EthernetModeCfg
 .text.R_IOPORT_PinEventOutputWrite
                0x00001954       0x38 ./ra/fsp/src/r_ioport/r_ioport.o
                0x00001954                R_IOPORT_PinEventOutputWrite
 .text.bsp_vbatt_init
                0x0000198c       0xac ./ra/fsp/src/r_ioport/r_ioport.o
 .text.r_ioport_pins_config
                0x00001a38       0xac ./ra/fsp/src/r_ioport/r_ioport.o
 .text.R_IOPORT_Open
                0x00001ae4       0x18 ./ra/fsp/src/r_ioport/r_ioport.o
                0x00001ae4                R_IOPORT_Open
 .text.R_IOPORT_PinsCfg
                0x00001afc        0xc ./ra/fsp/src/r_ioport/r_ioport.o
                0x00001afc                R_IOPORT_PinsCfg
 .text.R_IOPORT_PinCfg
                0x00001b08       0xa8 ./ra/fsp/src/r_ioport/r_ioport.o
                0x00001b08                R_IOPORT_PinCfg
 .text.R_ETHER_PHY_Close
                0x00001bb0       0x10 ./ra/fsp/src/r_ether_phy/r_ether_phy.o
                0x00001bb0                R_ETHER_PHY_Close
 .text.ether_phy_mii_write0.isra.0
                0x00001bc0       0x3c ./ra/fsp/src/r_ether_phy/r_ether_phy.o
 .text.ether_phy_mii_write1.isra.0
                0x00001bfc       0x3c ./ra/fsp/src/r_ether_phy/r_ether_phy.o
 .text.ether_phy_trans_zto0.isra.0
                0x00001c38       0x38 ./ra/fsp/src/r_ether_phy/r_ether_phy.o
 .text.ether_phy_read
                0x00001c70       0xb8 ./ra/fsp/src/r_ether_phy/r_ether_phy.o
                0x00001c70                ether_phy_read
 .text.R_ETHER_PHY_LinkPartnerAbilityGet
                0x00001d28       0x90 ./ra/fsp/src/r_ether_phy/r_ether_phy.o
                0x00001d28                R_ETHER_PHY_LinkPartnerAbilityGet
 .text.R_ETHER_PHY_LinkStatusGet
                0x00001db8       0x24 ./ra/fsp/src/r_ether_phy/r_ether_phy.o
                0x00001db8                R_ETHER_PHY_LinkStatusGet
 .text.ether_phy_write
                0x00001ddc       0x8c ./ra/fsp/src/r_ether_phy/r_ether_phy.o
                0x00001ddc                ether_phy_write
 .text.R_ETHER_PHY_StartAutoNegotiate
                0x00001e68       0x38 ./ra/fsp/src/r_ether_phy/r_ether_phy.o
                0x00001e68                R_ETHER_PHY_StartAutoNegotiate
 .text.ether_phy_targets_initialize
                0x00001ea0        0x4 ./ra/fsp/src/r_ether_phy/r_ether_phy.o
                0x00001ea0                ether_phy_targets_initialize
 .text.R_ETHER_PHY_Open
                0x00001ea4       0x6c ./ra/fsp/src/r_ether_phy/r_ether_phy.o
                0x00001ea4                R_ETHER_PHY_Open
 .text.R_ETHER_RxBufferUpdate
                0x00001f10       0x48 ./ra/fsp/src/r_ether/r_ether.o
                0x00001f10                R_ETHER_RxBufferUpdate
 .text.R_ETHER_TxStatusGet
                0x00001f58       0x34 ./ra/fsp/src/r_ether/r_ether.o
                0x00001f58                R_ETHER_TxStatusGet
 .text.ether_do_link
                0x00001f8c      0x168 ./ra/fsp/src/r_ether/r_ether.o
 .text.R_ETHER_Close
                0x000020f4       0x98 ./ra/fsp/src/r_ether/r_ether.o
                0x000020f4                R_ETHER_Close
 .text.ether_init_buffers
                0x0000218c       0x38 ./ra/fsp/src/r_ether/r_ether.o
 .text.R_ETHER_Open
                0x000021c4      0x15c ./ra/fsp/src/r_ether/r_ether.o
                0x000021c4                R_ETHER_Open
 .text.R_ETHER_Write
                0x00002320       0x7c ./ra/fsp/src/r_ether/r_ether.o
                0x00002320                R_ETHER_Write
 .text.R_ETHER_BufferRelease
                0x0000239c       0x64 ./ra/fsp/src/r_ether/r_ether.o
                0x0000239c                R_ETHER_BufferRelease
 .text.ether_configure_mac
                0x00002400      0x1b8 ./ra/fsp/src/r_ether/r_ether.o
 .text.R_ETHER_LinkProcess
                0x000025b8      0x12c ./ra/fsp/src/r_ether/r_ether.o
                0x000025b8                R_ETHER_LinkProcess
 .text.R_ETHER_WakeOnLANEnable
                0x000026e4       0x44 ./ra/fsp/src/r_ether/r_ether.o
                0x000026e4                R_ETHER_WakeOnLANEnable
 .text.R_ETHER_Read
                0x00002728       0xd4 ./ra/fsp/src/r_ether/r_ether.o
                0x00002728                R_ETHER_Read
 .text.ether_eint_isr
                0x000027fc       0x74 ./ra/fsp/src/r_ether/r_ether.o
                0x000027fc                ether_eint_isr
 .text.R_AGT_Start
                0x00002870       0x1c ./ra/fsp/src/r_agt/r_agt.o
                0x00002870                R_AGT_Start
 .text.R_AGT_StatusGet
                0x0000288c       0x24 ./ra/fsp/src/r_agt/r_agt.o
                0x0000288c                R_AGT_StatusGet
 .text.R_AGT_Open
                0x000028b0      0x118 ./ra/fsp/src/r_agt/r_agt.o
                0x000028b0                R_AGT_Open
 .text.agt_int_isr
                0x000029c8       0x9c ./ra/fsp/src/r_agt/r_agt.o
                0x000029c8                agt_int_isr
 .text.SystemCoreClockUpdate
                0x00002a64       0x28 ./ra/fsp/src/bsp/mcu/all/bsp_clocks.o
                0x00002a64                SystemCoreClockUpdate
 .text.bsp_clock_init
                0x00002a8c      0x104 ./ra/fsp/src/bsp/mcu/all/bsp_clocks.o
                0x00002a8c                bsp_clock_init
 .text.bsp_init_internal
                0x00002b90        0x4 ./ra/fsp/src/bsp/mcu/all/bsp_common.o
                0x00002b90                bsp_init_internal
                0x00002b90                bsp_init
 .text.__assert_func
                0x00002b94        0x4 ./ra/fsp/src/bsp/mcu/all/bsp_common.o
                0x00002b94                __assert_func
 .text.bsp_prv_software_delay_loop
                0x00002b98        0xc ./ra/fsp/src/bsp/mcu/all/bsp_delay.o
                0x00002b98                bsp_prv_software_delay_loop
 .text.R_BSP_SoftwareDelay
                0x00002ba4       0x5c ./ra/fsp/src/bsp/mcu/all/bsp_delay.o
                0x00002ba4                R_BSP_SoftwareDelay
 .text.NMI_Handler
                0x00002c00       0x38 ./ra/fsp/src/bsp/mcu/all/bsp_group_irq.o
                0x00002c00                NMI_Handler
 .text.bsp_irq_cfg
                0x00002c38       0x28 ./ra/fsp/src/bsp/mcu/all/bsp_irq.o
                0x00002c38                bsp_irq_cfg
 .text.R_BSP_RegisterProtectEnable
                0x00002c60       0x60 ./ra/fsp/src/bsp/mcu/all/bsp_register_protection.o
                0x00002c60                R_BSP_RegisterProtectEnable
 .text.R_BSP_RegisterProtectDisable
                0x00002cc0       0x54 ./ra/fsp/src/bsp/mcu/all/bsp_register_protection.o
                0x00002cc0                R_BSP_RegisterProtectDisable
 .text._sbrk    0x00002d14       0x3c ./ra/fsp/src/bsp/mcu/all/bsp_sbrk.o
                0x00002d14                _sbrk
 .text.Default_Handler
                0x00002d50        0x4 ./ra/fsp/src/bsp/cmsis/Device/RENESAS/Source/startup.o
                0x00002d50                HardFault_Handler
                0x00002d50                UsageFault_Handler
                0x00002d50                SecureFault_Handler
                0x00002d50                Default_Handler
                0x00002d50                MemManage_Handler
                0x00002d50                BusFault_Handler
                0x00002d50                DebugMon_Handler
 .text.Reset_Handler
                0x00002d54        0xc ./ra/fsp/src/bsp/cmsis/Device/RENESAS/Source/startup.o
                0x00002d54                Reset_Handler
 .text.SystemInit
                0x00002d60       0xc0 ./ra/fsp/src/bsp/cmsis/Device/RENESAS/Source/system.o
                0x00002d60                SystemInit
 .text.xNetworkBuffersInitialise
                0x00002e20       0x8c ./ra/aws/amazon-freertos/libraries/freertos_plus/standard/freertos_plus_tcp/portable/BufferManagement/BufferAllocation_2.o
                0x00002e20                xNetworkBuffersInitialise
 .text.vReleaseNetworkBufferAndDescriptor
                0x00002eac       0x4c ./ra/aws/amazon-freertos/libraries/freertos_plus/standard/freertos_plus_tcp/portable/BufferManagement/BufferAllocation_2.o
                0x00002eac                vReleaseNetworkBufferAndDescriptor
 .text.pxGetNetworkBufferWithDescriptor
                0x00002ef8       0xa4 ./ra/aws/amazon-freertos/libraries/freertos_plus/standard/freertos_plus_tcp/portable/BufferManagement/BufferAllocation_2.o
                0x00002ef8                pxGetNetworkBufferWithDescriptor
 .text.vARPRefreshCacheEntry
                0x00002f9c      0x154 ./ra/aws/amazon-freertos/libraries/freertos_plus/standard/freertos_plus_tcp/FreeRTOS_ARP.o
                0x00002f9c                vARPRefreshCacheEntry
 .text.eARPProcessPacket
                0x000030f0       0x9c ./ra/aws/amazon-freertos/libraries/freertos_plus/standard/freertos_plus_tcp/FreeRTOS_ARP.o
                0x000030f0                eARPProcessPacket
 .text.eARPGetCacheEntry
                0x0000318c       0xa0 ./ra/aws/amazon-freertos/libraries/freertos_plus/standard/freertos_plus_tcp/FreeRTOS_ARP.o
                0x0000318c                eARPGetCacheEntry
 .text.vARPGenerateRequestPacket
                0x0000322c       0x9c ./ra/aws/amazon-freertos/libraries/freertos_plus/standard/freertos_plus_tcp/FreeRTOS_ARP.o
                0x0000322c                vARPGenerateRequestPacket
 .text.FreeRTOS_OutputARPRequest
                0x000032c8       0x4c ./ra/aws/amazon-freertos/libraries/freertos_plus/standard/freertos_plus_tcp/FreeRTOS_ARP.o
                0x000032c8                FreeRTOS_OutputARPRequest
 .text.vARPAgeCache
                0x00003314       0x60 ./ra/aws/amazon-freertos/libraries/freertos_plus/standard/freertos_plus_tcp/FreeRTOS_ARP.o
                0x00003314                vARPAgeCache
 .text.FreeRTOS_ClearARP
                0x00003374       0x10 ./ra/aws/amazon-freertos/libraries/freertos_plus/standard/freertos_plus_tcp/FreeRTOS_ARP.o
                0x00003374                FreeRTOS_ClearARP
 .text.prvIPTimerCheck
                0x00003384       0x5c ./ra/aws/amazon-freertos/libraries/freertos_plus/standard/freertos_plus_tcp/FreeRTOS_IP.o
 .text.xIsCallingFromIPTask
                0x000033e0       0x18 ./ra/aws/amazon-freertos/libraries/freertos_plus/standard/freertos_plus_tcp/FreeRTOS_IP.o
                0x000033e0                xIsCallingFromIPTask
 .text.FreeRTOS_NetworkDown
                0x000033f8       0x30 ./ra/aws/amazon-freertos/libraries/freertos_plus/standard/freertos_plus_tcp/FreeRTOS_IP.o
                0x000033f8                FreeRTOS_NetworkDown
 .text.pxUDPPayloadBuffer_to_NetworkBuffer
                0x00003428       0x10 ./ra/aws/amazon-freertos/libraries/freertos_plus/standard/freertos_plus_tcp/FreeRTOS_IP.o
                0x00003428                pxUDPPayloadBuffer_to_NetworkBuffer
 .text.FreeRTOS_IPInit
                0x00003438      0x14c ./ra/aws/amazon-freertos/libraries/freertos_plus/standard/freertos_plus_tcp/FreeRTOS_IP.o
                0x00003438                FreeRTOS_IPInit
 .text.xSendEventToIPTask
                0x00003584       0x5c ./ra/aws/amazon-freertos/libraries/freertos_plus/standard/freertos_plus_tcp/FreeRTOS_IP.o
                0x00003584                xSendEventToIPTask
 .text.xSendEventStructToIPTask
                0x000035e0       0x68 ./ra/aws/amazon-freertos/libraries/freertos_plus/standard/freertos_plus_tcp/FreeRTOS_IP.o
                0x000035e0                xSendEventStructToIPTask
 .text.prvProcessNetworkDownEvent
                0x00003648       0x88 ./ra/aws/amazon-freertos/libraries/freertos_plus/standard/freertos_plus_tcp/FreeRTOS_IP.o
 .text.prvIPTask
                0x000036d0      0x498 ./ra/aws/amazon-freertos/libraries/freertos_plus/standard/freertos_plus_tcp/FreeRTOS_IP.o
 .text.eConsiderFrameForProcessing
                0x00003b68       0x3c ./ra/aws/amazon-freertos/libraries/freertos_plus/standard/freertos_plus_tcp/FreeRTOS_IP.o
                0x00003b68                eConsiderFrameForProcessing
 .text.xIsIPv4Multicast
                0x00003ba4       0x14 ./ra/aws/amazon-freertos/libraries/freertos_plus/standard/freertos_plus_tcp/FreeRTOS_IP.o
                0x00003ba4                xIsIPv4Multicast
 .text.vSetMultiCastIPv4MacAddress
                0x00003bb8       0x20 ./ra/aws/amazon-freertos/libraries/freertos_plus/standard/freertos_plus_tcp/FreeRTOS_IP.o
                0x00003bb8                vSetMultiCastIPv4MacAddress
 .text.usGenerateChecksum
                0x00003bd8      0x11c ./ra/aws/amazon-freertos/libraries/freertos_plus/standard/freertos_plus_tcp/FreeRTOS_IP.o
                0x00003bd8                usGenerateChecksum
 .text.usGenerateProtocolChecksum
                0x00003cf4      0x100 ./ra/aws/amazon-freertos/libraries/freertos_plus/standard/freertos_plus_tcp/FreeRTOS_IP.o
                0x00003cf4                usGenerateProtocolChecksum
 .text.xIPIsNetworkTaskReady
                0x00003df4        0xc ./ra/aws/amazon-freertos/libraries/freertos_plus/standard/freertos_plus_tcp/FreeRTOS_IP.o
                0x00003df4                xIPIsNetworkTaskReady
 .text.vNetworkSocketsInit
                0x00003e00       0x1c ./ra/aws/amazon-freertos/libraries/freertos_plus/standard/freertos_plus_tcp/FreeRTOS_Sockets.o
                0x00003e00                vNetworkSocketsInit
 .text.FreeRTOS_socket
                0x00003e1c      0x144 ./ra/aws/amazon-freertos/libraries/freertos_plus/standard/freertos_plus_tcp/FreeRTOS_Sockets.o
                0x00003e1c                FreeRTOS_socket
 .text.FreeRTOS_recvfrom
                0x00003f60       0xd4 ./ra/aws/amazon-freertos/libraries/freertos_plus/standard/freertos_plus_tcp/FreeRTOS_Sockets.o
                0x00003f60                FreeRTOS_recvfrom
 .text.FreeRTOS_bind
                0x00004034       0x80 ./ra/aws/amazon-freertos/libraries/freertos_plus/standard/freertos_plus_tcp/FreeRTOS_Sockets.o
                0x00004034                FreeRTOS_bind
 .text.FreeRTOS_sendto
                0x000040b4       0xf4 ./ra/aws/amazon-freertos/libraries/freertos_plus/standard/freertos_plus_tcp/FreeRTOS_Sockets.o
                0x000040b4                FreeRTOS_sendto
 .text.vSocketBind
                0x000041a8      0x114 ./ra/aws/amazon-freertos/libraries/freertos_plus/standard/freertos_plus_tcp/FreeRTOS_Sockets.o
                0x000041a8                vSocketBind
 .text.FreeRTOS_closesocket
                0x000042bc       0x34 ./ra/aws/amazon-freertos/libraries/freertos_plus/standard/freertos_plus_tcp/FreeRTOS_Sockets.o
                0x000042bc                FreeRTOS_closesocket
 .text.vSocketClose
                0x000042f0       0x94 ./ra/aws/amazon-freertos/libraries/freertos_plus/standard/freertos_plus_tcp/FreeRTOS_Sockets.o
                0x000042f0                vSocketClose
 .text.FreeRTOS_setsockopt
                0x00004384      0x210 ./ra/aws/amazon-freertos/libraries/freertos_plus/standard/freertos_plus_tcp/FreeRTOS_Sockets.o
                0x00004384                FreeRTOS_setsockopt
 .text.pxUDPSocketLookup
                0x00004594       0x4c ./ra/aws/amazon-freertos/libraries/freertos_plus/standard/freertos_plus_tcp/FreeRTOS_Sockets.o
                0x00004594                pxUDPSocketLookup
 .text.FreeRTOS_inet_pton4
                0x000045e0       0xbc ./ra/aws/amazon-freertos/libraries/freertos_plus/standard/freertos_plus_tcp/FreeRTOS_Sockets.o
                0x000045e0                FreeRTOS_inet_pton4
 .text.FreeRTOS_inet_addr
                0x0000469c       0x18 ./ra/aws/amazon-freertos/libraries/freertos_plus/standard/freertos_plus_tcp/FreeRTOS_Sockets.o
                0x0000469c                FreeRTOS_inet_addr
 .text.vSocketWakeUpUser
                0x000046b4       0x24 ./ra/aws/amazon-freertos/libraries/freertos_plus/standard/freertos_plus_tcp/FreeRTOS_Sockets.o
                0x000046b4                vSocketWakeUpUser
 .text.FreeRTOS_shutdown
                0x000046d8       0x40 ./ra/aws/amazon-freertos/libraries/freertos_plus/standard/freertos_plus_tcp/FreeRTOS_Sockets.o
                0x000046d8                FreeRTOS_shutdown
 .text.xTCPTimerCheck
                0x00004718       0xa8 ./ra/aws/amazon-freertos/libraries/freertos_plus/standard/freertos_plus_tcp/FreeRTOS_Sockets.o
                0x00004718                xTCPTimerCheck
 .text.pxTCPSocketLookup
                0x000047c0       0x4c ./ra/aws/amazon-freertos/libraries/freertos_plus/standard/freertos_plus_tcp/FreeRTOS_Sockets.o
                0x000047c0                pxTCPSocketLookup
 .text.lTCPAddRxdata
                0x0000480c       0xd0 ./ra/aws/amazon-freertos/libraries/freertos_plus/standard/freertos_plus_tcp/FreeRTOS_Sockets.o
                0x0000480c                lTCPAddRxdata
 .text.uxStreamBufferAdd
                0x000048dc       0xdc ./ra/aws/amazon-freertos/libraries/freertos_plus/standard/freertos_plus_tcp/FreeRTOS_Stream_Buffer.o
                0x000048dc                uxStreamBufferAdd
 .text.uxStreamBufferGet
                0x000049b8       0x94 ./ra/aws/amazon-freertos/libraries/freertos_plus/standard/freertos_plus_tcp/FreeRTOS_Stream_Buffer.o
                0x000049b8                uxStreamBufferGet
 .text.prvSocketSetMSS
                0x00004a4c       0x30 ./ra/aws/amazon-freertos/libraries/freertos_plus/standard/freertos_plus_tcp/FreeRTOS_TCP_IP.o
 .text.prvTCPAddTxData
                0x00004a7c       0x58 ./ra/aws/amazon-freertos/libraries/freertos_plus/standard/freertos_plus_tcp/FreeRTOS_TCP_IP.o
 .text.prvTCPReturnPacket.constprop.0
                0x00004ad4      0x1c0 ./ra/aws/amazon-freertos/libraries/freertos_plus/standard/freertos_plus_tcp/FreeRTOS_TCP_IP.o
 .text.prvTCPNextTimeout.isra.0
                0x00004c94       0x94 ./ra/aws/amazon-freertos/libraries/freertos_plus/standard/freertos_plus_tcp/FreeRTOS_TCP_IP.o
 .text.vTCPStateChange
                0x00004d28      0x180 ./ra/aws/amazon-freertos/libraries/freertos_plus/standard/freertos_plus_tcp/FreeRTOS_TCP_IP.o
                0x00004d28                vTCPStateChange
 .text.prvTCPPrepareSend.constprop.0
                0x00004ea8      0x300 ./ra/aws/amazon-freertos/libraries/freertos_plus/standard/freertos_plus_tcp/FreeRTOS_TCP_IP.o
 .text.prvTCPHandleFin.isra.0
                0x000051a8       0xc0 ./ra/aws/amazon-freertos/libraries/freertos_plus/standard/freertos_plus_tcp/FreeRTOS_TCP_IP.o
 .text.xTCPSocketCheck
                0x00005268      0x1e4 ./ra/aws/amazon-freertos/libraries/freertos_plus/standard/freertos_plus_tcp/FreeRTOS_TCP_IP.o
                0x00005268                xTCPSocketCheck
 .text.xProcessReceivedTCPPacket
                0x0000544c      0x73c ./ra/aws/amazon-freertos/libraries/freertos_plus/standard/freertos_plus_tcp/FreeRTOS_TCP_IP.o
                0x0000544c                xProcessReceivedTCPPacket
 .text.xTCPCheckNewClient
                0x00005b88       0x60 ./ra/aws/amazon-freertos/libraries/freertos_plus/standard/freertos_plus_tcp/FreeRTOS_TCP_IP.o
                0x00005b88                xTCPCheckNewClient
 .text.vTCPWindowCreate
                0x00005be8       0x5c ./ra/aws/amazon-freertos/libraries/freertos_plus/standard/freertos_plus_tcp/FreeRTOS_TCP_WIN.o
                0x00005be8                vTCPWindowCreate
 .text.vTCPWindowInit
                0x00005c44       0x54 ./ra/aws/amazon-freertos/libraries/freertos_plus/standard/freertos_plus_tcp/FreeRTOS_TCP_WIN.o
                0x00005c44                vTCPWindowInit
 .text.lTCPWindowRxCheck
                0x00005c98       0x20 ./ra/aws/amazon-freertos/libraries/freertos_plus/standard/freertos_plus_tcp/FreeRTOS_TCP_WIN.o
                0x00005c98                lTCPWindowRxCheck
 .text.lTCPWindowTxAdd
                0x00005cb8       0x34 ./ra/aws/amazon-freertos/libraries/freertos_plus/standard/freertos_plus_tcp/FreeRTOS_TCP_WIN.o
                0x00005cb8                lTCPWindowTxAdd
 .text.ulTCPWindowTxGet
                0x00005cec       0x58 ./ra/aws/amazon-freertos/libraries/freertos_plus/standard/freertos_plus_tcp/FreeRTOS_TCP_WIN.o
                0x00005cec                ulTCPWindowTxGet
 .text.xTCPWindowTxDone
                0x00005d44        0xc ./ra/aws/amazon-freertos/libraries/freertos_plus/standard/freertos_plus_tcp/FreeRTOS_TCP_WIN.o
                0x00005d44                xTCPWindowTxDone
 .text.xTCPWindowTxHasData
                0x00005d50       0x48 ./ra/aws/amazon-freertos/libraries/freertos_plus/standard/freertos_plus_tcp/FreeRTOS_TCP_WIN.o
                0x00005d50                xTCPWindowTxHasData
 .text.ulTCPWindowTxAck
                0x00005d98       0x18 ./ra/aws/amazon-freertos/libraries/freertos_plus/standard/freertos_plus_tcp/FreeRTOS_TCP_WIN.o
                0x00005d98                ulTCPWindowTxAck
 .text.xTCPWindowRxEmpty
                0x00005db0        0xc ./ra/aws/amazon-freertos/libraries/freertos_plus/standard/freertos_plus_tcp/FreeRTOS_TCP_WIN.o
                0x00005db0                xTCPWindowRxEmpty
 .text.vProcessGeneratedUDPPacket
                0x00005dbc       0xe4 ./ra/aws/amazon-freertos/libraries/freertos_plus/standard/freertos_plus_tcp/FreeRTOS_UDP_IP.o
                0x00005dbc                vProcessGeneratedUDPPacket
 .text.xProcessReceivedUDPPacket
                0x00005ea0       0x78 ./ra/aws/amazon-freertos/libraries/freertos_plus/standard/freertos_plus_tcp/FreeRTOS_UDP_IP.o
                0x00005ea0                xProcessReceivedUDPPacket
 .text.prvInsertBlockIntoFreeList
                0x00005f18       0x64 ./ra/aws/amazon-freertos/freertos_kernel/portable/MemMang/heap_4.o
 .text.pvPortMalloc
                0x00005f7c      0x140 ./ra/aws/amazon-freertos/freertos_kernel/portable/MemMang/heap_4.o
                0x00005f7c                pvPortMalloc
 .text.vPortFree
                0x000060bc       0x84 ./ra/aws/amazon-freertos/freertos_kernel/portable/MemMang/heap_4.o
                0x000060bc                vPortFree
 .text.xEventGroupCreate
                0x00006140       0x1c ./ra/aws/amazon-freertos/freertos_kernel/event_groups.o
                0x00006140                xEventGroupCreate
 .text.xEventGroupWaitBits
                0x0000615c      0x124 ./ra/aws/amazon-freertos/freertos_kernel/event_groups.o
                0x0000615c                xEventGroupWaitBits
 .text.xEventGroupSetBits
                0x00006280       0x94 ./ra/aws/amazon-freertos/freertos_kernel/event_groups.o
                0x00006280                xEventGroupSetBits
 .text.vEventGroupDelete
                0x00006314       0x58 ./ra/aws/amazon-freertos/freertos_kernel/event_groups.o
                0x00006314                vEventGroupDelete
 .text.vListInitialise
                0x0000636c       0x18 ./ra/aws/amazon-freertos/freertos_kernel/list.o
                0x0000636c                vListInitialise
 .text.vListInitialiseItem
                0x00006384        0x8 ./ra/aws/amazon-freertos/freertos_kernel/list.o
                0x00006384                vListInitialiseItem
 .text.vListInsertEnd
                0x0000638c       0x20 ./ra/aws/amazon-freertos/freertos_kernel/list.o
                0x0000638c                vListInsertEnd
 .text.vListInsert
                0x000063ac       0x30 ./ra/aws/amazon-freertos/freertos_kernel/list.o
                0x000063ac                vListInsert
 .text.uxListRemove
                0x000063dc       0x28 ./ra/aws/amazon-freertos/freertos_kernel/list.o
                0x000063dc                uxListRemove
 .text.prvCopyDataToQueue
                0x00006404       0x5c ./ra/aws/amazon-freertos/freertos_kernel/queue.o
 .text.prvUnlockQueue
                0x00006460       0x8c ./ra/aws/amazon-freertos/freertos_kernel/queue.o
 .text.xQueueGenericReset
                0x000064ec       0x9c ./ra/aws/amazon-freertos/freertos_kernel/queue.o
                0x000064ec                xQueueGenericReset
 .text.xQueueGenericCreateStatic
                0x00006588       0xb0 ./ra/aws/amazon-freertos/freertos_kernel/queue.o
                0x00006588                xQueueGenericCreateStatic
 .text.xQueueGenericCreate
                0x00006638       0x98 ./ra/aws/amazon-freertos/freertos_kernel/queue.o
                0x00006638                xQueueGenericCreate
 .text.xQueueCreateCountingSemaphoreStatic
                0x000066d0       0x8c ./ra/aws/amazon-freertos/freertos_kernel/queue.o
                0x000066d0                xQueueCreateCountingSemaphoreStatic
 .text.xQueueCreateCountingSemaphore
                0x0000675c       0x5c ./ra/aws/amazon-freertos/freertos_kernel/queue.o
                0x0000675c                xQueueCreateCountingSemaphore
 .text.xQueueGenericSend
                0x000067b8      0x198 ./ra/aws/amazon-freertos/freertos_kernel/queue.o
                0x000067b8                xQueueGenericSend
 .text.xQueueGenericSendFromISR
                0x00006950       0xe0 ./ra/aws/amazon-freertos/freertos_kernel/queue.o
                0x00006950                xQueueGenericSendFromISR
 .text.xQueueReceive
                0x00006a30      0x184 ./ra/aws/amazon-freertos/freertos_kernel/queue.o
                0x00006a30                xQueueReceive
 .text.xQueueSemaphoreTake
                0x00006bb4      0x16c ./ra/aws/amazon-freertos/freertos_kernel/queue.o
                0x00006bb4                xQueueSemaphoreTake
 .text.uxQueueMessagesWaiting
                0x00006d20       0x34 ./ra/aws/amazon-freertos/freertos_kernel/queue.o
                0x00006d20                uxQueueMessagesWaiting
 .text.vQueueDelete
                0x00006d54       0x58 ./ra/aws/amazon-freertos/freertos_kernel/queue.o
                0x00006d54                vQueueDelete
 .text.vQueueAddToRegistry
                0x00006dac       0x2c ./ra/aws/amazon-freertos/freertos_kernel/queue.o
                0x00006dac                vQueueAddToRegistry
 .text.vQueueWaitForMessageRestricted
                0x00006dd8       0x50 ./ra/aws/amazon-freertos/freertos_kernel/queue.o
                0x00006dd8                vQueueWaitForMessageRestricted
 .text.prvAddNewTaskToReadyList
                0x00006e28      0x110 ./ra/aws/amazon-freertos/freertos_kernel/tasks.o
 .text.prvAddCurrentTaskToDelayedList
                0x00006f38       0x74 ./ra/aws/amazon-freertos/freertos_kernel/tasks.o
 .text.prvInitialiseNewTask.constprop.0
                0x00006fac       0x94 ./ra/aws/amazon-freertos/freertos_kernel/tasks.o
 .text.prvIdleTask
                0x00007040       0xa8 ./ra/aws/amazon-freertos/freertos_kernel/tasks.o
 .text.xTaskIncrementTick.part.0
                0x000070e8      0x12c ./ra/aws/amazon-freertos/freertos_kernel/tasks.o
 .text.xTaskCreateStatic
                0x00007214       0x78 ./ra/aws/amazon-freertos/freertos_kernel/tasks.o
                0x00007214                xTaskCreateStatic
 .text.xTaskCreate
                0x0000728c       0x64 ./ra/aws/amazon-freertos/freertos_kernel/tasks.o
                0x0000728c                xTaskCreate
 .text.vTaskStartScheduler
                0x000072f0       0x8c ./ra/aws/amazon-freertos/freertos_kernel/tasks.o
                0x000072f0                vTaskStartScheduler
 .text.vTaskSuspendAll
                0x0000737c       0x10 ./ra/aws/amazon-freertos/freertos_kernel/tasks.o
                0x0000737c                vTaskSuspendAll
 .text.xTaskResumeAll
                0x0000738c      0x144 ./ra/aws/amazon-freertos/freertos_kernel/tasks.o
                0x0000738c                xTaskResumeAll
 .text.vTaskDelay
                0x000074d0       0x50 ./ra/aws/amazon-freertos/freertos_kernel/tasks.o
                0x000074d0                vTaskDelay
 .text.xTaskGetTickCount
                0x00007520        0xc ./ra/aws/amazon-freertos/freertos_kernel/tasks.o
                0x00007520                xTaskGetTickCount
 .text.xTaskIncrementTick
                0x0000752c       0x20 ./ra/aws/amazon-freertos/freertos_kernel/tasks.o
                0x0000752c                xTaskIncrementTick
 .text.vTaskSwitchContext
                0x0000754c       0x90 ./ra/aws/amazon-freertos/freertos_kernel/tasks.o
                0x0000754c                vTaskSwitchContext
 .text.vTaskPlaceOnEventList
                0x000075dc       0x3c ./ra/aws/amazon-freertos/freertos_kernel/tasks.o
                0x000075dc                vTaskPlaceOnEventList
 .text.vTaskPlaceOnUnorderedEventList
                0x00007618       0x60 ./ra/aws/amazon-freertos/freertos_kernel/tasks.o
                0x00007618                vTaskPlaceOnUnorderedEventList
 .text.vTaskPlaceOnEventListRestricted
                0x00007678       0x44 ./ra/aws/amazon-freertos/freertos_kernel/tasks.o
                0x00007678                vTaskPlaceOnEventListRestricted
 .text.xTaskRemoveFromEventList
                0x000076bc       0x98 ./ra/aws/amazon-freertos/freertos_kernel/tasks.o
                0x000076bc                xTaskRemoveFromEventList
 .text.vTaskRemoveFromUnorderedEventList
                0x00007754       0x90 ./ra/aws/amazon-freertos/freertos_kernel/tasks.o
                0x00007754                vTaskRemoveFromUnorderedEventList
 .text.vTaskSetTimeOutState
                0x000077e4       0x40 ./ra/aws/amazon-freertos/freertos_kernel/tasks.o
                0x000077e4                vTaskSetTimeOutState
 .text.vTaskInternalSetTimeOutState
                0x00007824       0x18 ./ra/aws/amazon-freertos/freertos_kernel/tasks.o
                0x00007824                vTaskInternalSetTimeOutState
 .text.xTaskCheckForTimeOut
                0x0000783c       0x94 ./ra/aws/amazon-freertos/freertos_kernel/tasks.o
                0x0000783c                xTaskCheckForTimeOut
 .text.vTaskMissedYield
                0x000078d0        0xc ./ra/aws/amazon-freertos/freertos_kernel/tasks.o
                0x000078d0                vTaskMissedYield
 .text.xTaskGetCurrentTaskHandle
                0x000078dc        0xc ./ra/aws/amazon-freertos/freertos_kernel/tasks.o
                0x000078dc                xTaskGetCurrentTaskHandle
 .text.xTaskGetSchedulerState
                0x000078e8       0x20 ./ra/aws/amazon-freertos/freertos_kernel/tasks.o
                0x000078e8                xTaskGetSchedulerState
 .text.uxTaskResetEventItemValue
                0x00007908       0x18 ./ra/aws/amazon-freertos/freertos_kernel/tasks.o
                0x00007908                uxTaskResetEventItemValue
 .text.ulTaskGenericNotifyTake
                0x00007920       0x84 ./ra/aws/amazon-freertos/freertos_kernel/tasks.o
                0x00007920                ulTaskGenericNotifyTake
 .text.vTaskGenericNotifyGiveFromISR
                0x000079a4       0xf0 ./ra/aws/amazon-freertos/freertos_kernel/tasks.o
                0x000079a4                vTaskGenericNotifyGiveFromISR
 .text.prvCheckForValidListAndQueue
                0x00007a94       0x6c ./ra/aws/amazon-freertos/freertos_kernel/timers.o
 .text.xTimerCreateTimerTask
                0x00007b00       0x6c ./ra/aws/amazon-freertos/freertos_kernel/timers.o
                0x00007b00                xTimerCreateTimerTask
 .text.xTimerGenericCommand
                0x00007b6c       0x74 ./ra/aws/amazon-freertos/freertos_kernel/timers.o
                0x00007b6c                xTimerGenericCommand
 .text.prvSwitchTimerLists
                0x00007be0       0x8c ./ra/aws/amazon-freertos/freertos_kernel/timers.o
 .text.prvTimerTask
                0x00007c6c      0x254 ./ra/aws/amazon-freertos/freertos_kernel/timers.o
 .text          0x00007ec0      0x49c C:\Users\sh970\e2_studio\workspace\RA6_microdds_test\microros_core\libmicroros.a(librcl-node.c.obj)
                0x00007ec0                rcl_create_node_logger_name
                0x00007f40                rcl_get_zero_initialized_node
                0x00007f54                rcl_node_init
                0x000081e0                rcl_node_fini
                0x00008234                rcl_node_is_valid_except_context
                0x00008244                rcl_node_is_valid
                0x00008258                rcl_node_get_name
                0x00008268                rcl_node_get_namespace
                0x00008278                rcl_node_get_fully_qualified_name
                0x0000828c                rcl_node_get_options
                0x0000829c                rcl_node_get_domain_id
                0x000082d0                rcl_node_get_rmw_handle
                0x000082dc                rcl_node_get_rcl_instance_id
                0x000082f4                rcl_node_get_graph_guard_condition
                0x00008308                rcl_node_get_logger_name
                0x0000831c                rcl_get_disable_loaned_message
 .text          0x0000835c       0x90 C:\Users\sh970\e2_studio\workspace\RA6_microdds_test\microros_core\libmicroros.a(librcl-node_options.c.obj)
                0x0000835c                rcl_node_get_default_options
                0x00008378                rcl_node_options_copy
                0x000083b4                rcl_node_options_fini
 *fill*         0x000083ec        0x4 ff
 .text          0x000083f0      0x598 C:\Users\sh970\e2_studio\workspace\RA6_microdds_test\microros_core\libmicroros.a(librcl-publisher.c.obj)
                0x000083f0                rcl_get_zero_initialized_publisher
                0x000083fc                rcl_publisher_init
                0x00008528                rcl_publisher_fini
                0x00008580                rcl_publisher_get_default_options
                0x000085dc                rcl_borrow_loaned_message
                0x00008620                rcl_return_loaned_message_from_publisher
                0x00008664                rcl_publish
                0x000086ac                rcl_publish_serialized_message
                0x000086f8                rcl_publish_loaned_message
                0x00008740                rcl_publisher_assert_liveliness
                0x0000877c                rcl_publisher_wait_for_all_acked
                0x00008850                rcl_publisher_get_topic_name
                0x00008860                rcl_publisher_get_options
                0x00008874                rcl_publisher_get_rmw_handle
                0x00008880                rcl_publisher_get_context
                0x00008898                rcl_publisher_is_valid
                0x000088c8                rcl_publisher_is_valid_except_context
                0x000088dc                rcl_publisher_get_subscription_count
                0x00008924                rcl_publisher_get_actual_qos
                0x00008938                rcl_publisher_can_loan_messages
 .text          0x00008988      0x150 C:\Users\sh970\e2_studio\workspace\RA6_microdds_test\microros_core\libmicroros.a(librclc-init.c.obj)
                0x00008988                rclc_support_init
                0x00008a1c                rclc_support_init_with_options
                0x00008a84                rclc_support_fini
 .text          0x00008ad8       0xd8 C:\Users\sh970\e2_studio\workspace\RA6_microdds_test\microros_core\libmicroros.a(librclc-node.c.obj)
                0x00008ad8                rclc_node_init_default
                0x00008b50                rclc_node_init_with_options
 .text          0x00008bb0      0x138 C:\Users\sh970\e2_studio\workspace\RA6_microdds_test\microros_core\libmicroros.a(librclc-publisher.c.obj)
                0x00008bb0                rclc_publisher_init_default
                0x00008c18                rclc_publisher_init_best_effort
                0x00008c80                rclc_publisher_init
 .text          0x00008ce8       0xd8 C:\Users\sh970\e2_studio\workspace\RA6_microdds_test\microros_core\libmicroros.a(librcutils-allocator.c.obj)
                0x00008cf8                rcutils_get_zero_initialized_allocator
                0x00008d14                rcutils_set_default_allocator
                0x00008d50                rcutils_get_default_allocator
                0x00008d6c                rcutils_allocator_is_valid
                0x00008d88                rcutils_reallocf
 .text          0x00008dc0       0x68 C:\Users\sh970\e2_studio\workspace\RA6_microdds_test\microros_core\libmicroros.a(librcutils-env.c.obj)
                0x00008dc0                rcutils_set_env
                0x00008de0                rcutils_get_env
                0x00008e10                rcutils_get_home_dir
 .text          0x00008e28       0xbc C:\Users\sh970\e2_studio\workspace\RA6_microdds_test\microros_core\libmicroros.a(librcutils-error_handling.c.obj)
                0x00008e28                rcutils_initialize_error_handling_thread_local_storage
                0x00008e78                rcutils_set_error_state
                0x00008e94                rcutils_error_is_set
                0x00008ea0                rcutils_get_error_state
                0x00008ea8                rcutils_get_error_string
                0x00008ec8                rcutils_reset_error
 .text          0x00008ee4       0x74 C:\Users\sh970\e2_studio\workspace\RA6_microdds_test\microros_core\libmicroros.a(librcutils-format_string.c.obj)
                0x00008ee4                rcutils_format_string_limit
 .text          0x00008f58      0x168 C:\Users\sh970\e2_studio\workspace\RA6_microdds_test\microros_core\libmicroros.a(librcutils-repl_str.c.obj)
                0x00008f58                rcutils_repl_str
 .text          0x000090c0       0x58 C:\Users\sh970\e2_studio\workspace\RA6_microdds_test\microros_core\libmicroros.a(librcutils-snprintf.c.obj)
                0x000090c0                rcutils_snprintf
                0x000090f4                rcutils_vsnprintf
 .text          0x00009118       0x7c C:\Users\sh970\e2_studio\workspace\RA6_microdds_test\microros_core\libmicroros.a(librcutils-strdup.c.obj)
                0x00009118                rcutils_strdup
                0x0000915c                rcutils_strndup
 .text          0x00009194        0x8 C:\Users\sh970\e2_studio\workspace\RA6_microdds_test\microros_core\libmicroros.a(librmw-publisher_options.c.obj)
                0x00009194                rmw_get_default_publisher_options
 .text          0x0000919c       0xd4 C:\Users\sh970\e2_studio\workspace\RA6_microdds_test\microros_core\libmicroros.a(librmw-validate_namespace.c.obj)
                0x0000919c                rmw_validate_namespace_with_size
                0x00009238                rmw_validate_namespace
                0x00009258                rmw_namespace_validation_result_string
 .text          0x00009270      0x154 C:\Users\sh970\e2_studio\workspace\RA6_microdds_test\microros_core\libmicroros.a(librmw-validate_node_name.c.obj)
                0x00009270                rmw_validate_node_name
                0x00009314                rmw_validate_node_name_with_size
                0x000093ac                rmw_node_name_validation_result_string
 .text          0x000093c4       0x58 C:\Users\sh970\e2_studio\workspace\RA6_microdds_test\microros_core\libmicroros.a(librmw_microxrcedds-custom_transport.c.obj)
                0x000093c4                rmw_uros_set_custom_transport
                0x000093f0                rmw_uros_options_set_custom_transport
 .text          0x0000941c       0xe4 C:\Users\sh970\e2_studio\workspace\RA6_microdds_test\microros_core\libmicroros.a(librmw_microxrcedds-ping.c.obj)
                0x0000941c                rmw_uros_ping_agent
                0x000094b0                rmw_uros_ping_agent_options
 .text          0x00009500      0x22c C:\Users\sh970\e2_studio\workspace\RA6_microdds_test\microros_core\libmicroros.a(librmw_microxrcedds-rmw_node.c.obj)
                0x00009500                create_node
                0x000095f4                rmw_create_node
                0x00009624                rmw_destroy_node
                0x0000971c                rmw_node_assert_liveliness
                0x00009720                rmw_node_get_graph_guard_condition
 .text          0x0000972c       0xdc C:\Users\sh970\e2_studio\workspace\RA6_microdds_test\microros_core\libmicroros.a(librmw_microxrcedds-rmw_publish.c.obj)
                0x0000972c                flush_session
                0x00009734                rmw_publish
                0x000097f4                rmw_publish_serialized_message
                0x000097f8                rmw_publish_loaned_message
                0x000097fc                rmw_publisher_wait_for_all_acked
 .text          0x00009808      0x298 C:\Users\sh970\e2_studio\workspace\RA6_microdds_test\microros_core\libmicroros.a(librmw_microxrcedds-rmw_publisher.c.obj)
                0x00009808                rmw_init_publisher_allocation
                0x0000980c                rmw_fini_publisher_allocation
                0x00009810                rmw_create_publisher
                0x000099cc                rmw_publisher_count_matched_subscriptions
                0x000099d0                rmw_publisher_assert_liveliness
                0x000099d4                rmw_publisher_get_actual_qos
                0x000099f4                rmw_borrow_loaned_message
                0x000099f8                rmw_return_loaned_message_from_publisher
                0x000099fc                rmw_destroy_publisher
 .text          0x00009aa0      0x264 C:\Users\sh970\e2_studio\workspace\RA6_microdds_test\microros_core\libmicroros.a(librmw_microxrcedds-rmw_service.c.obj)
                0x00009aa0                rmw_create_service
                0x00009c3c                rmw_destroy_service
                0x00009cc4                rmw_service_response_publisher_get_actual_qos
                0x00009ce4                rmw_service_request_subscription_get_actual_qos
 .text          0x00009d04      0x2b8 C:\Users\sh970\e2_studio\workspace\RA6_microdds_test\microros_core\libmicroros.a(librmw_microxrcedds-rmw_subscription.c.obj)
                0x00009d04                rmw_init_subscription_allocation
                0x00009d08                rmw_fini_subscription_allocation
                0x00009d0c                rmw_create_subscription
                0x00009ed0                rmw_subscription_count_matched_publishers
                0x00009ed4                rmw_subscription_get_actual_qos
                0x00009ef4                rmw_destroy_subscription
                0x00009fb4                rmw_subscription_set_content_filter
                0x00009fb8                rmw_subscription_get_content_filter
 .text          0x00009fbc       0x30 C:\Users\sh970\e2_studio\workspace\RA6_microdds_test\microros_core\libmicroros.a(librmw_microxrcedds-rmw_uxrce_transports.c.obj)
                0x00009fbc                rmw_uxrce_transport_init
 *fill*         0x00009fec        0x4 ff
 .text          0x00009ff0      0x5d8 C:\Users\sh970\e2_studio\workspace\RA6_microdds_test\microros_core\libmicroros.a(librmw_microxrcedds-types.c.obj)
                0x00009ff0                rmw_uxrce_init_service_memory
                0x0000a030                rmw_uxrce_init_client_memory
                0x0000a070                rmw_uxrce_init_publisher_memory
                0x0000a0b0                rmw_uxrce_init_subscription_memory
                0x0000a0f0                rmw_uxrce_init_node_memory
                0x0000a130                rmw_uxrce_init_session_memory
                0x0000a170                rmw_uxrce_init_topic_memory
                0x0000a1b0                rmw_uxrce_init_static_input_buffer_memory
                0x0000a1f0                rmw_uxrce_init_init_options_impl_memory
                0x0000a230                rmw_uxrce_init_wait_set_memory
                0x0000a270                rmw_uxrce_init_guard_condition_memory
                0x0000a2b0                rmw_uxrce_fini_session_memory
                0x0000a2bc                rmw_uxrce_fini_node_memory
                0x0000a2ec                rmw_uxrce_fini_publisher_memory
                0x0000a318                rmw_uxrce_fini_subscription_memory
                0x0000a344                rmw_uxrce_fini_service_memory
                0x0000a370                rmw_uxrce_fini_client_memory
                0x0000a39c                rmw_uxrce_fini_topic_memory
                0x0000a3b4                rmw_uxrce_count_static_input_buffer_for_entity
                0x0000a3dc                rmw_uxrce_get_static_input_buffer_for_entity
                0x0000a480                rmw_uxrce_find_static_input_buffer_by_owner
                0x0000a4cc                rmw_uxrce_clean_expired_static_input_buffer
 .text          0x0000a5c8      0x83c C:\Users\sh970\e2_studio\workspace\RA6_microdds_test\microros_core\libmicroros.a(librmw_microxrcedds-utils.c.obj)
                0x0000a5c8                run_xrce_session
                0x0000a600                convert_qos_profile
                0x0000a634                build_participant_xml
                0x0000a658                generate_service_topics
                0x0000a6b4                generate_service_types
                0x0000a784                build_service_xml
                0x0000a8ec                build_publisher_xml
                0x0000a8f4                build_subscriber_xml
                0x0000a8fc                generate_name
                0x0000a928                generate_type_name
                0x0000a988                generate_topic_name
                0x0000a9bc                build_topic_xml
                0x0000aa90                build_xml
                0x0000ab70                build_datawriter_xml
                0x0000ac54                build_datareader_xml
                0x0000ad38                build_participant_profile
                0x0000ad70                build_topic_profile
                0x0000ad98                build_datawriter_profile
                0x0000adc0                build_datareader_profile
                0x0000ade8                is_uxrce_rmw_identifier_valid
 .text          0x0000ae04       0x18 C:\Users\sh970\e2_studio\workspace\RA6_microdds_test\microros_core\libmicroros.a(librosidl_runtime_c-message_type_support.c.obj)
                0x0000ae04                get_message_typesupport_handle
                0x0000ae08                get_message_typesupport_handle_function
 .text          0x0000ae1c       0x18 C:\Users\sh970\e2_studio\workspace\RA6_microdds_test\microros_core\libmicroros.a(librosidl_runtime_c-service_type_support.c.obj)
                0x0000ae1c                get_service_typesupport_handle
                0x0000ae20                get_service_typesupport_handle_function
 .text          0x0000ae34       0x1c C:\Users\sh970\e2_studio\workspace\RA6_microdds_test\microros_core\libmicroros.a(libstd_msgs__rosidl_typesupport_c-int32__type_support.cpp.obj)
                0x0000ae34                rosidl_typesupport_c__get_message_type_support_handle__std_msgs__msg__Int32
 .text.startup  0x0000ae50       0x14 C:\Users\sh970\e2_studio\workspace\RA6_microdds_test\microros_core\libmicroros.a(libstd_msgs__rosidl_typesupport_c-int32__type_support.cpp.obj)
 .text          0x0000ae64       0x24 C:\Users\sh970\e2_studio\workspace\RA6_microdds_test\microros_core\libmicroros.a(libstd_msgs__rosidl_typesupport_introspection_c-int32__type_support.c.obj)
                0x0000ae64                std_msgs__msg__Int32__rosidl_typesupport_introspection_c__Int32_init_function
                0x0000ae68                std_msgs__msg__Int32__rosidl_typesupport_introspection_c__Int32_fini_function
                0x0000ae6c                rosidl_typesupport_introspection_c__get_message_type_support_handle__std_msgs__msg__Int32
 .text          0x0000ae88       0x70 C:\Users\sh970\e2_studio\workspace\RA6_microdds_test\microros_core\libmicroros.a(libstd_msgs__rosidl_typesupport_microxrcedds_c-int32__type_support_c.c.obj)
                0x0000aea4                get_serialized_size_std_msgs__msg__Int32
                0x0000aedc                max_serialized_size_std_msgs__msg__Int32
                0x0000aef0                rosidl_typesupport_microxrcedds_c__get_message_type_support_handle__std_msgs__msg__Int32
 .text.ucdr_serialize_bool
                0x0000aef8       0x2c C:\Users\sh970\e2_studio\workspace\RA6_microdds_test\microros_core\libmicroros.a(libmicrocdr-basic.c.obj)
                0x0000aef8                ucdr_serialize_bool
 .text.ucdr_deserialize_bool
                0x0000af24       0x30 C:\Users\sh970\e2_studio\workspace\RA6_microdds_test\microros_core\libmicroros.a(libmicrocdr-basic.c.obj)
                0x0000af24                ucdr_deserialize_bool
 .text.ucdr_serialize_uint8_t
                0x0000af54       0x2c C:\Users\sh970\e2_studio\workspace\RA6_microdds_test\microros_core\libmicroros.a(libmicrocdr-basic.c.obj)
                0x0000af54                ucdr_serialize_uint8_t
 .text.ucdr_deserialize_uint8_t
                0x0000af80       0x2c C:\Users\sh970\e2_studio\workspace\RA6_microdds_test\microros_core\libmicroros.a(libmicrocdr-basic.c.obj)
                0x0000af80                ucdr_deserialize_uint8_t
 .text.ucdr_serialize_uint16_t
                0x0000afac      0x100 C:\Users\sh970\e2_studio\workspace\RA6_microdds_test\microros_core\libmicroros.a(libmicrocdr-basic.c.obj)
                0x0000afac                ucdr_serialize_uint16_t
 .text.ucdr_serialize_endian_uint16_t
                0x0000b0ac      0x100 C:\Users\sh970\e2_studio\workspace\RA6_microdds_test\microros_core\libmicroros.a(libmicrocdr-basic.c.obj)
                0x0000b0ac                ucdr_serialize_endian_uint16_t
 .text.ucdr_deserialize_uint16_t
                0x0000b1ac       0xe8 C:\Users\sh970\e2_studio\workspace\RA6_microdds_test\microros_core\libmicroros.a(libmicrocdr-basic.c.obj)
                0x0000b1ac                ucdr_deserialize_uint16_t
 .text.ucdr_deserialize_endian_uint16_t
                0x0000b294       0xec C:\Users\sh970\e2_studio\workspace\RA6_microdds_test\microros_core\libmicroros.a(libmicrocdr-basic.c.obj)
                0x0000b294                ucdr_deserialize_endian_uint16_t
 .text.ucdr_serialize_uint32_t
                0x0000b380      0x130 C:\Users\sh970\e2_studio\workspace\RA6_microdds_test\microros_core\libmicroros.a(libmicrocdr-basic.c.obj)
                0x0000b380                ucdr_serialize_uint32_t
 .text.ucdr_serialize_endian_uint32_t
                0x0000b4b0      0x130 C:\Users\sh970\e2_studio\workspace\RA6_microdds_test\microros_core\libmicroros.a(libmicrocdr-basic.c.obj)
                0x0000b4b0                ucdr_serialize_endian_uint32_t
 .text.ucdr_deserialize_uint32_t
                0x0000b5e0      0x120 C:\Users\sh970\e2_studio\workspace\RA6_microdds_test\microros_core\libmicroros.a(libmicrocdr-basic.c.obj)
                0x0000b5e0                ucdr_deserialize_uint32_t
 .text.ucdr_deserialize_endian_uint32_t
                0x0000b700      0x12c C:\Users\sh970\e2_studio\workspace\RA6_microdds_test\microros_core\libmicroros.a(libmicrocdr-basic.c.obj)
                0x0000b700                ucdr_deserialize_endian_uint32_t
 .text.ucdr_serialize_uint64_t
                0x0000b82c      0x1a0 C:\Users\sh970\e2_studio\workspace\RA6_microdds_test\microros_core\libmicroros.a(libmicrocdr-basic.c.obj)
                0x0000b82c                ucdr_serialize_uint64_t
 .text.ucdr_serialize_int16_t
                0x0000b9cc      0x100 C:\Users\sh970\e2_studio\workspace\RA6_microdds_test\microros_core\libmicroros.a(libmicrocdr-basic.c.obj)
                0x0000b9cc                ucdr_serialize_int16_t
 .text.ucdr_deserialize_int16_t
                0x0000bacc       0xe8 C:\Users\sh970\e2_studio\workspace\RA6_microdds_test\microros_core\libmicroros.a(libmicrocdr-basic.c.obj)
                0x0000bacc                ucdr_deserialize_int16_t
 .text.ucdr_serialize_int32_t
                0x0000bbb4      0x130 C:\Users\sh970\e2_studio\workspace\RA6_microdds_test\microros_core\libmicroros.a(libmicrocdr-basic.c.obj)
                0x0000bbb4                ucdr_serialize_int32_t
 .text.ucdr_deserialize_int32_t
                0x0000bce4      0x120 C:\Users\sh970\e2_studio\workspace\RA6_microdds_test\microros_core\libmicroros.a(libmicrocdr-basic.c.obj)
                0x0000bce4                ucdr_deserialize_int32_t
 .text.ucdr_check_buffer_available_for
                0x0000be04       0x18 C:\Users\sh970\e2_studio\workspace\RA6_microdds_test\microros_core\libmicroros.a(libmicrocdr-common.c.obj)
                0x0000be04                ucdr_check_buffer_available_for
 .text.ucdr_check_final_buffer_behavior
                0x0000be1c       0x38 C:\Users\sh970\e2_studio\workspace\RA6_microdds_test\microros_core\libmicroros.a(libmicrocdr-common.c.obj)
                0x0000be1c                ucdr_check_final_buffer_behavior
 .text.ucdr_set_on_full_buffer_callback
                0x0000be54        0x8 C:\Users\sh970\e2_studio\workspace\RA6_microdds_test\microros_core\libmicroros.a(libmicrocdr-common.c.obj)
                0x0000be54                ucdr_set_on_full_buffer_callback
 .text.ucdr_init_buffer_origin_offset_endian
                0x0000be5c       0x2c C:\Users\sh970\e2_studio\workspace\RA6_microdds_test\microros_core\libmicroros.a(libmicrocdr-common.c.obj)
                0x0000be5c                ucdr_init_buffer_origin_offset_endian
 .text.ucdr_init_buffer_origin_offset
                0x0000be88       0x14 C:\Users\sh970\e2_studio\workspace\RA6_microdds_test\microros_core\libmicroros.a(libmicrocdr-common.c.obj)
                0x0000be88                ucdr_init_buffer_origin_offset
 .text.ucdr_init_buffer_origin
                0x0000be9c       0x10 C:\Users\sh970\e2_studio\workspace\RA6_microdds_test\microros_core\libmicroros.a(libmicrocdr-common.c.obj)
                0x0000be9c                ucdr_init_buffer_origin
 .text.ucdr_init_buffer
                0x0000beac        0x8 C:\Users\sh970\e2_studio\workspace\RA6_microdds_test\microros_core\libmicroros.a(libmicrocdr-common.c.obj)
                0x0000beac                ucdr_init_buffer
 .text.ucdr_alignment
                0x0000beb4       0x10 C:\Users\sh970\e2_studio\workspace\RA6_microdds_test\microros_core\libmicroros.a(libmicrocdr-common.c.obj)
                0x0000beb4                ucdr_alignment
 .text.ucdr_buffer_alignment
                0x0000bec4       0x1c C:\Users\sh970\e2_studio\workspace\RA6_microdds_test\microros_core\libmicroros.a(libmicrocdr-common.c.obj)
                0x0000bec4                ucdr_buffer_alignment
 .text.ucdr_align_to
                0x0000bee0       0x24 C:\Users\sh970\e2_studio\workspace\RA6_microdds_test\microros_core\libmicroros.a(libmicrocdr-common.c.obj)
                0x0000bee0                ucdr_align_to
 .text.ucdr_buffer_length
                0x0000bf04        0x8 C:\Users\sh970\e2_studio\workspace\RA6_microdds_test\microros_core\libmicroros.a(libmicrocdr-common.c.obj)
                0x0000bf04                ucdr_buffer_length
 .text.ucdr_buffer_remaining
                0x0000bf0c        0x8 C:\Users\sh970\e2_studio\workspace\RA6_microdds_test\microros_core\libmicroros.a(libmicrocdr-common.c.obj)
                0x0000bf0c                ucdr_buffer_remaining
 .text.ucdr_check_final_buffer_behavior_array
                0x0000bf14       0x38 C:\Users\sh970\e2_studio\workspace\RA6_microdds_test\microros_core\libmicroros.a(libmicrocdr-common.c.obj)
                0x0000bf14                ucdr_check_final_buffer_behavior_array
 .text.ucdr_advance_buffer
                0x0000bf4c       0x40 C:\Users\sh970\e2_studio\workspace\RA6_microdds_test\microros_core\libmicroros.a(libmicrocdr-common.c.obj)
                0x0000bf4c                ucdr_advance_buffer
 .text.uxr_buffer_delete_entity
                0x0000bf8c       0x40 C:\Users\sh970\e2_studio\workspace\RA6_microdds_test\microros_core\libmicroros.a(libmicroxrcedds_client-common_create_entities.c.obj)
                0x0000bf8c                uxr_buffer_delete_entity
 .text.uxr_common_create_entity
                0x0000bfcc       0x58 C:\Users\sh970\e2_studio\workspace\RA6_microdds_test\microros_core\libmicroros.a(libmicroxrcedds_client-common_create_entities.c.obj)
                0x0000bfcc                uxr_common_create_entity
 .text.uxr_buffer_create_participant_bin
                0x0000c024       0x64 C:\Users\sh970\e2_studio\workspace\RA6_microdds_test\microros_core\libmicroros.a(libmicroxrcedds_client-create_entities_bin.c.obj)
                0x0000c024                uxr_buffer_create_participant_bin
 .text.uxr_buffer_create_topic_bin
                0x0000c088       0x6c C:\Users\sh970\e2_studio\workspace\RA6_microdds_test\microros_core\libmicroros.a(libmicroxrcedds_client-create_entities_bin.c.obj)
                0x0000c088                uxr_buffer_create_topic_bin
 .text.uxr_buffer_create_publisher_bin
                0x0000c0f4       0x60 C:\Users\sh970\e2_studio\workspace\RA6_microdds_test\microros_core\libmicroros.a(libmicroxrcedds_client-create_entities_bin.c.obj)
                0x0000c0f4                uxr_buffer_create_publisher_bin
 .text.uxr_buffer_create_subscriber_bin
                0x0000c154       0x60 C:\Users\sh970\e2_studio\workspace\RA6_microdds_test\microros_core\libmicroros.a(libmicroxrcedds_client-create_entities_bin.c.obj)
                0x0000c154                uxr_buffer_create_subscriber_bin
 .text.uxr_buffer_create_datawriter_bin
                0x0000c1b4       0xec C:\Users\sh970\e2_studio\workspace\RA6_microdds_test\microros_core\libmicroros.a(libmicroxrcedds_client-create_entities_bin.c.obj)
                0x0000c1b4                uxr_buffer_create_datawriter_bin
 .text.uxr_buffer_create_datareader_bin
                0x0000c2a0       0xf0 C:\Users\sh970\e2_studio\workspace\RA6_microdds_test\microros_core\libmicroros.a(libmicroxrcedds_client-create_entities_bin.c.obj)
                0x0000c2a0                uxr_buffer_create_datareader_bin
 .text.uxr_buffer_create_requester_bin
                0x0000c390       0x74 C:\Users\sh970\e2_studio\workspace\RA6_microdds_test\microros_core\libmicroros.a(libmicroxrcedds_client-create_entities_bin.c.obj)
                0x0000c390                uxr_buffer_create_requester_bin
 .text.uxr_buffer_create_replier_bin
                0x0000c404       0x74 C:\Users\sh970\e2_studio\workspace\RA6_microdds_test\microros_core\libmicroros.a(libmicroxrcedds_client-create_entities_bin.c.obj)
                0x0000c404                uxr_buffer_create_replier_bin
 .text.get_custom_error
                0x0000c478        0xc C:\Users\sh970\e2_studio\workspace\RA6_microdds_test\microros_core\libmicroros.a(libmicroxrcedds_client-custom_transport.c.obj)
 .text.recv_custom_msg
                0x0000c484       0x98 C:\Users\sh970\e2_studio\workspace\RA6_microdds_test\microros_core\libmicroros.a(libmicroxrcedds_client-custom_transport.c.obj)
 .text.send_custom_msg
                0x0000c51c       0x54 C:\Users\sh970\e2_studio\workspace\RA6_microdds_test\microros_core\libmicroros.a(libmicroxrcedds_client-custom_transport.c.obj)
 .text.uxr_set_custom_transport_callbacks
                0x0000c570       0x1c C:\Users\sh970\e2_studio\workspace\RA6_microdds_test\microros_core\libmicroros.a(libmicroxrcedds_client-custom_transport.c.obj)
                0x0000c570                uxr_set_custom_transport_callbacks
 .text.uxr_init_custom_transport
                0x0000c58c       0x68 C:\Users\sh970\e2_studio\workspace\RA6_microdds_test\microros_core\libmicroros.a(libmicroxrcedds_client-custom_transport.c.obj)
                0x0000c58c                uxr_init_custom_transport
 .text.uxr_close_custom_transport
                0x0000c5f4        0x8 C:\Users\sh970\e2_studio\workspace\RA6_microdds_test\microros_core\libmicroros.a(libmicroxrcedds_client-custom_transport.c.obj)
                0x0000c5f4                uxr_close_custom_transport
 .text.uxr_object_id
                0x0000c5fc       0x1c C:\Users\sh970\e2_studio\workspace\RA6_microdds_test\microros_core\libmicroros.a(libmicroxrcedds_client-object_id.c.obj)
                0x0000c5fc                uxr_object_id
 .text.uxr_object_id_from_raw
                0x0000c618       0x28 C:\Users\sh970\e2_studio\workspace\RA6_microdds_test\microros_core\libmicroros.a(libmicroxrcedds_client-object_id.c.obj)
                0x0000c618                uxr_object_id_from_raw
 .text.uxr_object_id_to_raw
                0x0000c640       0x1c C:\Users\sh970\e2_studio\workspace\RA6_microdds_test\microros_core\libmicroros.a(libmicroxrcedds_client-object_id.c.obj)
                0x0000c640                uxr_object_id_to_raw
 .text.uxr_ping_agent_session
                0x0000c65c       0x98 C:\Users\sh970\e2_studio\workspace\RA6_microdds_test\microros_core\libmicroros.a(libmicroxrcedds_client-ping.c.obj)
                0x0000c65c                uxr_ping_agent_session
 .text.uxr_ping_agent_attempts
                0x0000c6f4      0x170 C:\Users\sh970\e2_studio\workspace\RA6_microdds_test\microros_core\libmicroros.a(libmicroxrcedds_client-ping.c.obj)
                0x0000c6f4                uxr_ping_agent_attempts
 .text.uxr_buffer_request_data
                0x0000c864       0x74 C:\Users\sh970\e2_studio\workspace\RA6_microdds_test\microros_core\libmicroros.a(libmicroxrcedds_client-read_access.c.obj)
                0x0000c864                uxr_buffer_request_data
 .text.uxr_buffer_cancel_data
                0x0000c8d8       0x58 C:\Users\sh970\e2_studio\workspace\RA6_microdds_test\microros_core\libmicroros.a(libmicroxrcedds_client-read_access.c.obj)
                0x0000c8d8                uxr_buffer_cancel_data
 .text.read_submessage_format
                0x0000c930      0x194 C:\Users\sh970\e2_studio\workspace\RA6_microdds_test\microros_core\libmicroros.a(libmicroxrcedds_client-read_access.c.obj)
                0x0000c930                read_submessage_format
 .text.on_get_fragmentation_info
                0x0000cac4       0x44 C:\Users\sh970\e2_studio\workspace\RA6_microdds_test\microros_core\libmicroros.a(libmicroxrcedds_client-session.c.obj)
 .text.read_submessage_get_info
                0x0000cb08       0x6c C:\Users\sh970\e2_studio\workspace\RA6_microdds_test\microros_core\libmicroros.a(libmicroxrcedds_client-session.c.obj)
 .text.write_submessage_acknack.isra.0
                0x0000cb74       0x6c C:\Users\sh970\e2_studio\workspace\RA6_microdds_test\microros_core\libmicroros.a(libmicroxrcedds_client-session.c.obj)
 .text.uxr_init_session
                0x0000cbe0       0x40 C:\Users\sh970\e2_studio\workspace\RA6_microdds_test\microros_core\libmicroros.a(libmicroxrcedds_client-session.c.obj)
                0x0000cbe0                uxr_init_session
 .text.uxr_set_status_callback
                0x0000cc20        0x8 C:\Users\sh970\e2_studio\workspace\RA6_microdds_test\microros_core\libmicroros.a(libmicroxrcedds_client-session.c.obj)
                0x0000cc20                uxr_set_status_callback
 .text.uxr_set_topic_callback
                0x0000cc28        0x8 C:\Users\sh970\e2_studio\workspace\RA6_microdds_test\microros_core\libmicroros.a(libmicroxrcedds_client-session.c.obj)
                0x0000cc28                uxr_set_topic_callback
 .text.uxr_set_request_callback
                0x0000cc30        0x8 C:\Users\sh970\e2_studio\workspace\RA6_microdds_test\microros_core\libmicroros.a(libmicroxrcedds_client-session.c.obj)
                0x0000cc30                uxr_set_request_callback
 .text.uxr_set_reply_callback
                0x0000cc38        0x8 C:\Users\sh970\e2_studio\workspace\RA6_microdds_test\microros_core\libmicroros.a(libmicroxrcedds_client-session.c.obj)
                0x0000cc38                uxr_set_reply_callback
 .text.uxr_create_output_best_effort_stream
                0x0000cc40       0x24 C:\Users\sh970\e2_studio\workspace\RA6_microdds_test\microros_core\libmicroros.a(libmicroxrcedds_client-session.c.obj)
                0x0000cc40                uxr_create_output_best_effort_stream
 .text.uxr_create_output_reliable_stream
                0x0000cc64       0x44 C:\Users\sh970\e2_studio\workspace\RA6_microdds_test\microros_core\libmicroros.a(libmicroxrcedds_client-session.c.obj)
                0x0000cc64                uxr_create_output_reliable_stream
 .text.uxr_create_input_best_effort_stream
                0x0000cca8        0xc C:\Users\sh970\e2_studio\workspace\RA6_microdds_test\microros_core\libmicroros.a(libmicroxrcedds_client-session.c.obj)
                0x0000cca8                uxr_create_input_best_effort_stream
 .text.uxr_create_input_reliable_stream
                0x0000ccb4       0x38 C:\Users\sh970\e2_studio\workspace\RA6_microdds_test\microros_core\libmicroros.a(libmicroxrcedds_client-session.c.obj)
                0x0000ccb4                uxr_create_input_reliable_stream
 .text.uxr_epoch_millis
                0x0000ccec       0x24 C:\Users\sh970\e2_studio\workspace\RA6_microdds_test\microros_core\libmicroros.a(libmicroxrcedds_client-session.c.obj)
                0x0000ccec                uxr_epoch_millis
 .text.uxr_epoch_nanos
                0x0000cd10       0x14 C:\Users\sh970\e2_studio\workspace\RA6_microdds_test\microros_core\libmicroros.a(libmicroxrcedds_client-session.c.obj)
                0x0000cd10                uxr_epoch_nanos
 .text.uxr_flash_output_streams
                0x0000cd24       0xec C:\Users\sh970\e2_studio\workspace\RA6_microdds_test\microros_core\libmicroros.a(libmicroxrcedds_client-session.c.obj)
                0x0000cd24                uxr_flash_output_streams
 .text.read_submessage_info
                0x0000ce10       0x90 C:\Users\sh970\e2_studio\workspace\RA6_microdds_test\microros_core\libmicroros.a(libmicroxrcedds_client-session.c.obj)
                0x0000ce10                read_submessage_info
 .text.read_submessage_list
                0x0000cea0      0x310 C:\Users\sh970\e2_studio\workspace\RA6_microdds_test\microros_core\libmicroros.a(libmicroxrcedds_client-session.c.obj)
 .text.listen_message_reliably
                0x0000d1b0      0x280 C:\Users\sh970\e2_studio\workspace\RA6_microdds_test\microros_core\libmicroros.a(libmicroxrcedds_client-session.c.obj)
 .text.uxr_run_session_until_confirm_delivery
                0x0000d430       0x4c C:\Users\sh970\e2_studio\workspace\RA6_microdds_test\microros_core\libmicroros.a(libmicroxrcedds_client-session.c.obj)
                0x0000d430                uxr_run_session_until_confirm_delivery
 .text.uxr_run_session_until_all_status
                0x0000d47c       0xa4 C:\Users\sh970\e2_studio\workspace\RA6_microdds_test\microros_core\libmicroros.a(libmicroxrcedds_client-session.c.obj)
                0x0000d47c                uxr_run_session_until_all_status
 .text.uxr_sync_session
                0x0000d520       0xa8 C:\Users\sh970\e2_studio\workspace\RA6_microdds_test\microros_core\libmicroros.a(libmicroxrcedds_client-session.c.obj)
                0x0000d520                uxr_sync_session
 .text.uxr_run_session_until_pong
                0x0000d5c8       0x54 C:\Users\sh970\e2_studio\workspace\RA6_microdds_test\microros_core\libmicroros.a(libmicroxrcedds_client-session.c.obj)
                0x0000d5c8                uxr_run_session_until_pong
 .text.wait_session_status
                0x0000d61c      0x1a0 C:\Users\sh970\e2_studio\workspace\RA6_microdds_test\microros_core\libmicroros.a(libmicroxrcedds_client-session.c.obj)
 .text.uxr_delete_session_retries
                0x0000d7bc       0x50 C:\Users\sh970\e2_studio\workspace\RA6_microdds_test\microros_core\libmicroros.a(libmicroxrcedds_client-session.c.obj)
                0x0000d7bc                uxr_delete_session_retries
 .text.uxr_create_session
                0x0000d80c      0x1bc C:\Users\sh970\e2_studio\workspace\RA6_microdds_test\microros_core\libmicroros.a(libmicroxrcedds_client-session.c.obj)
                0x0000d80c                uxr_create_session
 .text.uxr_prepare_stream_to_write_submessage
                0x0000d9c8       0x88 C:\Users\sh970\e2_studio\workspace\RA6_microdds_test\microros_core\libmicroros.a(libmicroxrcedds_client-session.c.obj)
                0x0000d9c8                uxr_prepare_stream_to_write_submessage
 .text.uxr_init_session_info
                0x0000da50       0x20 C:\Users\sh970\e2_studio\workspace\RA6_microdds_test\microros_core\libmicroros.a(libmicroxrcedds_client-session_info.c.obj)
                0x0000da50                uxr_init_session_info
 .text.uxr_buffer_create_session
                0x0000da70       0x54 C:\Users\sh970\e2_studio\workspace\RA6_microdds_test\microros_core\libmicroros.a(libmicroxrcedds_client-session_info.c.obj)
                0x0000da70                uxr_buffer_create_session
 .text.uxr_buffer_delete_session
                0x0000dac4       0x38 C:\Users\sh970\e2_studio\workspace\RA6_microdds_test\microros_core\libmicroros.a(libmicroxrcedds_client-session_info.c.obj)
                0x0000dac4                uxr_buffer_delete_session
 .text.uxr_read_create_session_status
                0x0000dafc       0x18 C:\Users\sh970\e2_studio\workspace\RA6_microdds_test\microros_core\libmicroros.a(libmicroxrcedds_client-session_info.c.obj)
                0x0000dafc                uxr_read_create_session_status
 .text.uxr_read_delete_session_status
                0x0000db14       0x3c C:\Users\sh970\e2_studio\workspace\RA6_microdds_test\microros_core\libmicroros.a(libmicroxrcedds_client-session_info.c.obj)
                0x0000db14                uxr_read_delete_session_status
 .text.uxr_stamp_create_session_header
                0x0000db50       0x28 C:\Users\sh970\e2_studio\workspace\RA6_microdds_test\microros_core\libmicroros.a(libmicroxrcedds_client-session_info.c.obj)
                0x0000db50                uxr_stamp_create_session_header
 .text.uxr_stamp_session_header
                0x0000db78       0x28 C:\Users\sh970\e2_studio\workspace\RA6_microdds_test\microros_core\libmicroros.a(libmicroxrcedds_client-session_info.c.obj)